Archive member included to satisfy reference by file (symbol)

c:/siliconlabs/simplicitystudio/v5/developer/toolchains/gnu_arm/12.2.rel1_2023.7/bin/../lib/gcc/arm-none-eabi/12.2.1/thumb/v8-m.main+fp/hard\libgcc.a(_arm_addsubdf3.o)
                              ./control.o (__aeabi_f2d)
c:/siliconlabs/simplicitystudio/v5/developer/toolchains/gnu_arm/12.2.rel1_2023.7/bin/../lib/gcc/arm-none-eabi/12.2.1/thumb/v8-m.main+fp/hard\libgcc.a(_aeabi_ldivmod.o)
                              ./gecko_sdk_4.4.4/platform/emlib/src/em_eusart.o (__aeabi_ldivmod)
c:/siliconlabs/simplicitystudio/v5/developer/toolchains/gnu_arm/12.2.rel1_2023.7/bin/../lib/gcc/arm-none-eabi/12.2.1/thumb/v8-m.main+fp/hard\libgcc.a(_aeabi_uldivmod.o)
                              ./gecko_sdk_4.4.4/platform/emlib/src/em_eusart.o (__aeabi_uldivmod)
c:/siliconlabs/simplicitystudio/v5/developer/toolchains/gnu_arm/12.2.rel1_2023.7/bin/../lib/gcc/arm-none-eabi/12.2.1/thumb/v8-m.main+fp/hard\libgcc.a(_udivmoddi4.o)
                              c:/siliconlabs/simplicitystudio/v5/developer/toolchains/gnu_arm/12.2.rel1_2023.7/bin/../lib/gcc/arm-none-eabi/12.2.1/thumb/v8-m.main+fp/hard\libgcc.a(_aeabi_ldivmod.o) (__udivmoddi4)
c:/siliconlabs/simplicitystudio/v5/developer/toolchains/gnu_arm/12.2.rel1_2023.7/bin/../lib/gcc/arm-none-eabi/12.2.1/thumb/v8-m.main+fp/hard\libgcc.a(_dvmd_tls.o)
                              c:/siliconlabs/simplicitystudio/v5/developer/toolchains/gnu_arm/12.2.rel1_2023.7/bin/../lib/gcc/arm-none-eabi/12.2.1/thumb/v8-m.main+fp/hard\libgcc.a(_aeabi_ldivmod.o) (__aeabi_ldiv0)
c:/siliconlabs/simplicitystudio/v5/developer/toolchains/gnu_arm/12.2.rel1_2023.7/bin/../lib/gcc/arm-none-eabi/12.2.1/thumb/v8-m.main+fp/hard\libc_nano.a(libc_a-exit.o)
                              c:/siliconlabs/simplicitystudio/v5/developer/toolchains/gnu_arm/12.2.rel1_2023.7/bin/../lib/gcc/arm-none-eabi/12.2.1/thumb/v8-m.main+fp/hard/crt0.o (exit)
c:/siliconlabs/simplicitystudio/v5/developer/toolchains/gnu_arm/12.2.rel1_2023.7/bin/../lib/gcc/arm-none-eabi/12.2.1/thumb/v8-m.main+fp/hard\libc_nano.a(libc_a-ctype_.o)
                              ./gecko_sdk_4.4.4/platform/common/src/sl_string.o (_ctype_)
c:/siliconlabs/simplicitystudio/v5/developer/toolchains/gnu_arm/12.2.rel1_2023.7/bin/../lib/gcc/arm-none-eabi/12.2.1/thumb/v8-m.main+fp/hard\libc_nano.a(libc_a-nano-vfprintf_float.o)
                              (_printf_float)
c:/siliconlabs/simplicitystudio/v5/developer/toolchains/gnu_arm/12.2.rel1_2023.7/bin/../lib/gcc/arm-none-eabi/12.2.1/thumb/v8-m.main+fp/hard\libc_nano.a(libc_a-nano-vfprintf_i.o)
                              c:/siliconlabs/simplicitystudio/v5/developer/toolchains/gnu_arm/12.2.rel1_2023.7/bin/../lib/gcc/arm-none-eabi/12.2.1/thumb/v8-m.main+fp/hard\libc_nano.a(libc_a-nano-vfprintf_float.o) (_printf_common)
c:/siliconlabs/simplicitystudio/v5/developer/toolchains/gnu_arm/12.2.rel1_2023.7/bin/../lib/gcc/arm-none-eabi/12.2.1/thumb/v8-m.main+fp/hard\libc_nano.a(libc_a-findfp.o)
                              c:/siliconlabs/simplicitystudio/v5/developer/toolchains/gnu_arm/12.2.rel1_2023.7/bin/../lib/gcc/arm-none-eabi/12.2.1/thumb/v8-m.main+fp/hard\libc_nano.a(libc_a-exit.o) (__stdio_exit_handler)
c:/siliconlabs/simplicitystudio/v5/developer/toolchains/gnu_arm/12.2.rel1_2023.7/bin/../lib/gcc/arm-none-eabi/12.2.1/thumb/v8-m.main+fp/hard\libc_nano.a(libc_a-fwalk.o)
                              c:/siliconlabs/simplicitystudio/v5/developer/toolchains/gnu_arm/12.2.rel1_2023.7/bin/../lib/gcc/arm-none-eabi/12.2.1/thumb/v8-m.main+fp/hard\libc_nano.a(libc_a-findfp.o) (_fwalk_sglue)
c:/siliconlabs/simplicitystudio/v5/developer/toolchains/gnu_arm/12.2.rel1_2023.7/bin/../lib/gcc/arm-none-eabi/12.2.1/thumb/v8-m.main+fp/hard\libc_nano.a(libc_a-setvbuf.o)
                              ./gecko_sdk_4.4.4/platform/service/iostream/src/sl_iostream_stdlib_config.o (setvbuf)
c:/siliconlabs/simplicitystudio/v5/developer/toolchains/gnu_arm/12.2.rel1_2023.7/bin/../lib/gcc/arm-none-eabi/12.2.1/thumb/v8-m.main+fp/hard\libc_nano.a(libc_a-stdio.o)
                              c:/siliconlabs/simplicitystudio/v5/developer/toolchains/gnu_arm/12.2.rel1_2023.7/bin/../lib/gcc/arm-none-eabi/12.2.1/thumb/v8-m.main+fp/hard\libc_nano.a(libc_a-findfp.o) (__sread)
c:/siliconlabs/simplicitystudio/v5/developer/toolchains/gnu_arm/12.2.rel1_2023.7/bin/../lib/gcc/arm-none-eabi/12.2.1/thumb/v8-m.main+fp/hard\libc_nano.a(libc_a-vprintf.o)
                              ./gecko_sdk_4.4.4/platform/service/iostream/src/sl_iostream.o (vprintf)
c:/siliconlabs/simplicitystudio/v5/developer/toolchains/gnu_arm/12.2.rel1_2023.7/bin/../lib/gcc/arm-none-eabi/12.2.1/thumb/v8-m.main+fp/hard\libc_nano.a(libc_a-memset.o)
                              c:/siliconlabs/simplicitystudio/v5/developer/toolchains/gnu_arm/12.2.rel1_2023.7/bin/../lib/gcc/arm-none-eabi/12.2.1/thumb/v8-m.main+fp/hard/crt0.o (memset)
[...]
Memory Configuration

Name             Origin             Length             Attributes
FLASH            0x00000000         0x0007e000         xr
RAM              0x20000000         0x00008000         xrw
*default*        0x00000000         0xffffffff

Linker script and memory map

LOAD c:/siliconlabs/simplicitystudio/v5/developer/toolchains/gnu_arm/12.2.rel1_2023.7/bin/../lib/gcc/arm-none-eabi/12.2.1/thumb/v8-m.main+fp/hard/crti.o
LOAD c:/siliconlabs/simplicitystudio/v5/developer/toolchains/gnu_arm/12.2.rel1_2023.7/bin/../lib/gcc/arm-none-eabi/12.2.1/thumb/v8-m.main+fp/hard/crtbegin.o
LOAD c:/siliconlabs/simplicitystudio/v5/developer/toolchains/gnu_arm/12.2.rel1_2023.7/bin/../lib/gcc/arm-none-eabi/12.2.1/thumb/v8-m.main+fp/hard/crt0.o
START GROUP
LOAD ./app.o
LOAD ./control.o
LOAD ./main.o
LOAD ./autogen/sl_board_default_init.o
LOAD ./autogen/sl_device_init_clocks.o
LOAD ./autogen/sl_event_handler.o
LOAD ./autogen/sl_iostream_handles.o
LOAD ./autogen/sl_iostream_init_eusart_instances.o
LOAD ./gecko_sdk_4.4.4/app/common/util/app_log/app_log.o
LOAD ./gecko_sdk_4.4.4/hardware/board/src/sl_board_control_gpio.o
LOAD ./gecko_sdk_4.4.4/hardware/board/src/sl_board_init.o
LOAD ./gecko_sdk_4.4.4/hardware/driver/configuration_over_swo/src/sl_cos.o
LOAD ./gecko_sdk_4.4.4/platform/Device/SiliconLabs/BGM22/Source/startup_bgm22.o
LOAD ./gecko_sdk_4.4.4/platform/Device/SiliconLabs/BGM22/Source/system_bgm22.o
LOAD ./gecko_sdk_4.4.4/platform/common/src/sl_assert.o
LOAD ./gecko_sdk_4.4.4/platform/common/src/sl_slist.o
LOAD ./gecko_sdk_4.4.4/platform/common/src/sl_string.o
LOAD ./gecko_sdk_4.4.4/platform/common/src/sl_syscalls.o
LOAD ./gecko_sdk_4.4.4/platform/common/toolchain/src/sl_memory.o
LOAD ./gecko_sdk_4.4.4/platform/driver/debug/src/sl_debug_swo.o
LOAD ./gecko_sdk_4.4.4/platform/emdrv/dmadrv/src/dmadrv.o
LOAD ./gecko_sdk_4.4.4/platform/emlib/src/em_burtc.o
LOAD ./gecko_sdk_4.4.4/platform/emlib/src/em_cmu.o
LOAD ./gecko_sdk_4.4.4/platform/emlib/src/em_core.o
LOAD ./gecko_sdk_4.4.4/platform/emlib/src/em_emu.o
LOAD ./gecko_sdk_4.4.4/platform/emlib/src/em_eusart.o
LOAD ./gecko_sdk_4.4.4/platform/emlib/src/em_gpio.o
LOAD ./gecko_sdk_4.4.4/platform/emlib/src/em_ldma.o
LOAD ./gecko_sdk_4.4.4/platform/emlib/src/em_msc.o
LOAD ./gecko_sdk_4.4.4/platform/emlib/src/em_rtcc.o
LOAD ./gecko_sdk_4.4.4/platform/emlib/src/em_system.o
LOAD ./gecko_sdk_4.4.4/platform/emlib/src/em_timer.o
LOAD ./gecko_sdk_4.4.4/platform/service/device_init/src/sl_device_init_dcdc_s2.o
LOAD ./gecko_sdk_4.4.4/platform/service/device_init/src/sl_device_init_emu_s2.o
LOAD ./gecko_sdk_4.4.4/platform/service/device_init/src/sl_device_init_hfxo_s2.o
LOAD ./gecko_sdk_4.4.4/platform/service/device_init/src/sl_device_init_lfxo_s2.o
LOAD ./gecko_sdk_4.4.4/platform/service/device_init/src/sl_device_init_nvic.o
LOAD ./gecko_sdk_4.4.4/platform/service/iostream/src/sl_iostream.o
LOAD ./gecko_sdk_4.4.4/platform/service/iostream/src/sl_iostream_eusart.o
LOAD ./gecko_sdk_4.4.4/platform/service/iostream/src/sl_iostream_retarget_stdio.o
LOAD ./gecko_sdk_4.4.4/platform/service/iostream/src/sl_iostream_stdlib_config.o
LOAD ./gecko_sdk_4.4.4/platform/service/iostream/src/sl_iostream_uart.o
LOAD ./gecko_sdk_4.4.4/platform/service/sleeptimer/src/sl_sleeptimer.o
LOAD ./gecko_sdk_4.4.4/platform/service/sleeptimer/src/sl_sleeptimer_hal_burtc.o
LOAD ./gecko_sdk_4.4.4/platform/service/sleeptimer/src/sl_sleeptimer_hal_prortc.o
LOAD ./gecko_sdk_4.4.4/platform/service/sleeptimer/src/sl_sleeptimer_hal_rtcc.o
LOAD ./gecko_sdk_4.4.4/platform/service/sleeptimer/src/sl_sleeptimer_hal_timer.o
LOAD ./gecko_sdk_4.4.4/platform/service/system/src/sl_system_init.o
LOAD ./gecko_sdk_4.4.4/platform/service/system/src/sl_system_process_action.o
LOAD c:/siliconlabs/simplicitystudio/v5/developer/toolchains/gnu_arm/12.2.rel1_2023.7/bin/../lib/gcc/arm-none-eabi/12.2.1/thumb/v8-m.main+fp/hard\libgcc.a
LOAD c:/siliconlabs/simplicitystudio/v5/developer/toolchains/gnu_arm/12.2.rel1_2023.7/bin/../lib/gcc/arm-none-eabi/12.2.1/thumb/v8-m.main+fp/hard\libc_nano.a
LOAD c:/siliconlabs/simplicitystudio/v5/developer/toolchains/gnu_arm/12.2.rel1_2023.7/bin/../lib/gcc/arm-none-eabi/12.2.1/thumb/v8-m.main+fp/hard\libm.a
LOAD c:/siliconlabs/simplicitystudio/v5/developer/toolchains/gnu_arm/12.2.rel1_2023.7/bin/../lib/gcc/arm-none-eabi/12.2.1/thumb/v8-m.main+fp/hard\libnosys.a
END GROUP
START GROUP
LOAD c:/siliconlabs/simplicitystudio/v5/developer/toolchains/gnu_arm/12.2.rel1_2023.7/bin/../lib/gcc/arm-none-eabi/12.2.1/thumb/v8-m.main+fp/hard\libgcc.a
LOAD c:/siliconlabs/simplicitystudio/v5/developer/toolchains/gnu_arm/12.2.rel1_2023.7/bin/../lib/gcc/arm-none-eabi/12.2.1/thumb/v8-m.main+fp/hard\libc_nano.a
LOAD c:/siliconlabs/simplicitystudio/v5/developer/toolchains/gnu_arm/12.2.rel1_2023.7/bin/../lib/gcc/arm-none-eabi/12.2.1/thumb/v8-m.main+fp/hard\libnosys.a
END GROUP
START GROUP
LOAD c:/siliconlabs/simplicitystudio/v5/developer/toolchains/gnu_arm/12.2.rel1_2023.7/bin/../lib/gcc/arm-none-eabi/12.2.1/thumb/v8-m.main+fp/hard\libgcc.a
LOAD c:/siliconlabs/simplicitystudio/v5/developer/toolchains/gnu_arm/12.2.rel1_2023.7/bin/../lib/gcc/arm-none-eabi/12.2.1/thumb/v8-m.main+fp/hard\libg_nano.a
LOAD c:/siliconlabs/simplicitystudio/v5/developer/toolchains/gnu_arm/12.2.rel1_2023.7/bin/../lib/gcc/arm-none-eabi/12.2.1/thumb/v8-m.main+fp/hard\libc_nano.a
END GROUP
START GROUP
LOAD c:/siliconlabs/simplicitystudio/v5/developer/toolchains/gnu_arm/12.2.rel1_2023.7/bin/../lib/gcc/arm-none-eabi/12.2.1/thumb/v8-m.main+fp/hard\libgcc.a
LOAD c:/siliconlabs/simplicitystudio/v5/developer/toolchains/gnu_arm/12.2.rel1_2023.7/bin/../lib/gcc/arm-none-eabi/12.2.1/thumb/v8-m.main+fp/hard\libc_nano.a
END GROUP
LOAD c:/siliconlabs/simplicitystudio/v5/developer/toolchains/gnu_arm/12.2.rel1_2023.7/bin/../lib/gcc/arm-none-eabi/12.2.1/thumb/v8-m.main+fp/hard/crtend.o
LOAD c:/siliconlabs/simplicitystudio/v5/developer/toolchains/gnu_arm/12.2.rel1_2023.7/bin/../lib/gcc/arm-none-eabi/12.2.1/thumb/v8-m.main+fp/hard/crtn.o

.text           0x00000000     0x76f0
                0x00000000                linker_vectors_begin = .
 *(.vectors)
 .vectors       0x00000000      0x140 ./gecko_sdk_4.4.4/platform/Device/SiliconLabs/BGM22/Source/startup_bgm22.o
                0x00000000                __Vectors
                0x00000140                linker_vectors_end = .
                0x00000140                __Vectors_End = .
                0x00000140                __Vectors_Size = (__Vectors_End - __Vectors)
                0x00000140                linker_code_begin = .
 *(SORT_BY_ALIGNMENT(.text*))
 .text._dtoa_r  0x00000140      0xc54 c:/siliconlabs/simplicitystudio/v5/developer/toolchains/gnu_arm/12.2.rel1_2023.7/bin/../lib/gcc/arm-none-eabi/12.2.1/thumb/v8-m.main+fp/hard\libc_nano.a(libc_a-dtoa.o)
                0x00000140                _dtoa_r
 .text.deregister_tm_clones
                0x00000d94       0x1c c:/siliconlabs/simplicitystudio/v5/developer/toolchains/gnu_arm/12.2.rel1_2023.7/bin/../lib/gcc/arm-none-eabi/12.2.1/thumb/v8-m.main+fp/hard/crtbegin.o
 .text.register_tm_clones
                0x00000db0       0x28 c:/siliconlabs/simplicitystudio/v5/developer/toolchains/gnu_arm/12.2.rel1_2023.7/bin/../lib/gcc/arm-none-eabi/12.2.1/thumb/v8-m.main+fp/hard/crtbegin.o
 .text.__do_global_dtors_aux
                0x00000dd8       0x28 c:/siliconlabs/simplicitystudio/v5/developer/toolchains/gnu_arm/12.2.rel1_2023.7/bin/../lib/gcc/arm-none-eabi/12.2.1/thumb/v8-m.main+fp/hard/crtbegin.o
 .text.frame_dummy
                0x00000e00       0x24 c:/siliconlabs/simplicitystudio/v5/developer/toolchains/gnu_arm/12.2.rel1_2023.7/bin/../lib/gcc/arm-none-eabi/12.2.1/thumb/v8-m.main+fp/hard/crtbegin.o
 .text          0x00000e24       0x7c c:/siliconlabs/simplicitystudio/v5/developer/toolchains/gnu_arm/12.2.rel1_2023.7/bin/../lib/gcc/arm-none-eabi/12.2.1/thumb/v8-m.main+fp/hard/crt0.o
                0x00000e24                _stack_init
                0x00000e2c                _start
                0x00000e2c                _mainCRTStartup
 .text.app_init_once
                0x00000ea0       0xdc ./control.o
                0x00000ea0                app_init_once
 .text.GPIO_EVEN_IRQHandler
                0x00000f7c       0x30 ./control.o
                0x00000f7c                GPIO_EVEN_IRQHandler
 .text.app_main_loop_step
                0x00000fac       0xdc ./control.o
                0x00000fac                app_main_loop_step
 .text.sl_device_init_clocks
                0x00001088       0x9c ./autogen/sl_device_init_clocks.o
                0x00001088                sl_device_init_clocks
 .text.sl_platform_init
                0x00001124       0x58 ./autogen/sl_event_handler.o
                0x00001124                sl_platform_init
 .text.sl_iostream_eusart_init_vcom
                0x0000117c       0xc4 ./autogen/sl_iostream_init_eusart_instances.o
                0x0000117c                sl_iostream_eusart_init_vcom
 .text.EUART0_RX_IRQHandler
                0x00001240        0xc ./autogen/sl_iostream_init_eusart_instances.o
                0x00001240                EUART0_RX_IRQHandler
 .text.app_log_init
                0x0000124c       0x38 ./gecko_sdk_4.4.4/app/common/util/app_log/app_log.o
                0x0000124c                app_log_init
 .text.CopyRamFuncs
                0x00001284       0x1c ./gecko_sdk_4.4.4/platform/Device/SiliconLabs/BGM22/Source/startup_bgm22.o
                0x00001284                CopyRamFuncs
 .text.Reset_Handler
                0x000012a0       0x64 ./gecko_sdk_4.4.4/platform/Device/SiliconLabs/BGM22/Source/startup_bgm22.o
                0x000012a0                Reset_Handler
 .text.SystemInit
                0x00001304       0x64 ./gecko_sdk_4.4.4/platform/Device/SiliconLabs/BGM22/Source/system_bgm22.o
                0x00001304                SystemInit
 .text.SystemHFRCODPLLClockGet
                0x00001368        0xc ./gecko_sdk_4.4.4/platform/Device/SiliconLabs/BGM22/Source/system_bgm22.o
                0x00001368                SystemHFRCODPLLClockGet
 .text.SystemSYSCLKGet
                0x00001374       0x34 ./gecko_sdk_4.4.4/platform/Device/SiliconLabs/BGM22/Source/system_bgm22.o
                0x00001374                SystemSYSCLKGet
 .text.SystemHCLKGet
                0x000013a8       0x24 ./gecko_sdk_4.4.4/platform/Device/SiliconLabs/BGM22/Source/system_bgm22.o
                0x000013a8                SystemHCLKGet
 .text.SystemMaxCoreClockGet
                0x000013cc        0x8 ./gecko_sdk_4.4.4/platform/Device/SiliconLabs/BGM22/Source/system_bgm22.o
                0x000013cc                SystemMaxCoreClockGet
 .text.SystemHFXOClockGet
                0x000013d4        0xc ./gecko_sdk_4.4.4/platform/Device/SiliconLabs/BGM22/Source/system_bgm22.o
                0x000013d4                SystemHFXOClockGet
 .text.SystemHFXOClockSet
                0x000013e0       0x20 ./gecko_sdk_4.4.4/platform/Device/SiliconLabs/BGM22/Source/system_bgm22.o
                0x000013e0                SystemHFXOClockSet
 .text.SystemFSRCOClockGet
                0x00001400        0x8 ./gecko_sdk_4.4.4/platform/Device/SiliconLabs/BGM22/Source/system_bgm22.o
                0x00001400                SystemFSRCOClockGet
 .text.SystemLFXOClockGet
                0x00001408        0xc ./gecko_sdk_4.4.4/platform/Device/SiliconLabs/BGM22/Source/system_bgm22.o
                0x00001408                SystemLFXOClockGet
 .text._sbrk    0x00001414       0x20 ./gecko_sdk_4.4.4/platform/common/toolchain/src/sl_memory.o
                0x00001414                _sbrk
 .text.sl_debug_swo_init
                0x00001434       0xc0 ./gecko_sdk_4.4.4/platform/driver/debug/src/sl_debug_swo.o
                0x00001434                sl_debug_swo_init
 .text.sl_debug_swo_write_u8
                0x000014f4       0x44 ./gecko_sdk_4.4.4/platform/driver/debug/src/sl_debug_swo.o
                0x000014f4                sl_debug_swo_write_u8
 .text.StartTransfer
                0x00001538      0x17c ./gecko_sdk_4.4.4/platform/emdrv/dmadrv/src/dmadrv.o
 .text.DMADRV_AllocateChannel
                0x000016b4       0x60 ./gecko_sdk_4.4.4/platform/emdrv/dmadrv/src/dmadrv.o
                0x000016b4                DMADRV_AllocateChannel
 .text.DMADRV_DeInit
                0x00001714       0x44 ./gecko_sdk_4.4.4/platform/emdrv/dmadrv/src/dmadrv.o
                0x00001714                DMADRV_DeInit
 .text.DMADRV_FreeChannel
                0x00001758       0x4c ./gecko_sdk_4.4.4/platform/emdrv/dmadrv/src/dmadrv.o
                0x00001758                DMADRV_FreeChannel
 .text.DMADRV_Init
                0x000017a4       0x68 ./gecko_sdk_4.4.4/platform/emdrv/dmadrv/src/dmadrv.o
                0x000017a4                DMADRV_Init
 .text.DMADRV_PauseTransfer
                0x0000180c       0x40 ./gecko_sdk_4.4.4/platform/emdrv/dmadrv/src/dmadrv.o
                0x0000180c                DMADRV_PauseTransfer
 .text.DMADRV_ResumeTransfer
                0x0000184c       0x40 ./gecko_sdk_4.4.4/platform/emdrv/dmadrv/src/dmadrv.o
                0x0000184c                DMADRV_ResumeTransfer
 .text.DMADRV_StopTransfer
                0x0000188c       0x40 ./gecko_sdk_4.4.4/platform/emdrv/dmadrv/src/dmadrv.o
                0x0000188c                DMADRV_StopTransfer
 .text.DMADRV_TransferCompletePending
                0x000018cc       0x50 ./gecko_sdk_4.4.4/platform/emdrv/dmadrv/src/dmadrv.o
                0x000018cc                DMADRV_TransferCompletePending
 .text.DMADRV_TransferDone
                0x0000191c       0x44 ./gecko_sdk_4.4.4/platform/emdrv/dmadrv/src/dmadrv.o
                0x0000191c                DMADRV_TransferDone
 .text.LDMA_IRQHandler
                0x00001960       0x74 ./gecko_sdk_4.4.4/platform/emdrv/dmadrv/src/dmadrv.o
                0x00001960                LDMA_IRQHandler
 .text.EMU_VScaleGet
                0x000019d4       0x18 ./gecko_sdk_4.4.4/platform/emlib/src/em_cmu.o
 .text.em01GrpaClkGet
                0x000019ec       0x48 ./gecko_sdk_4.4.4/platform/emlib/src/em_cmu.o
 .text.iadcClkGet
                0x00001a34       0x54 ./gecko_sdk_4.4.4/platform/emlib/src/em_cmu.o
 .text.em01GrpbClkGet
                0x00001a88       0x74 ./gecko_sdk_4.4.4/platform/emlib/src/em_cmu.o
 .text.em23GrpaClkGet
                0x00001afc       0x48 ./gecko_sdk_4.4.4/platform/emlib/src/em_cmu.o
 .text.wdog0ClkGet
                0x00001b44       0x64 ./gecko_sdk_4.4.4/platform/emlib/src/em_cmu.o
 .text.rtccClkGet
                0x00001ba8       0x54 ./gecko_sdk_4.4.4/platform/emlib/src/em_cmu.o
 .text.em4GrpaClkGet
                0x00001bfc       0x48 ./gecko_sdk_4.4.4/platform/emlib/src/em_cmu.o
 .text.euart0ClkGet
                0x00001c44       0x48 ./gecko_sdk_4.4.4/platform/emlib/src/em_cmu.o
 .text.CMU_ClockDivGet
                0x00001c8c       0x84 ./gecko_sdk_4.4.4/platform/emlib/src/em_cmu.o
                0x00001c8c                CMU_ClockDivGet
 .text.flashWaitStateControl
                0x00001d10       0x4c ./gecko_sdk_4.4.4/platform/emlib/src/em_cmu.o
 .text.CMU_ClockEnable
                0x00001d5c       0x54 ./gecko_sdk_4.4.4/platform/emlib/src/em_cmu.o
                0x00001d5c                CMU_ClockEnable
 .text.CMU_ClockFreqGet
                0x00001db0      0x198 ./gecko_sdk_4.4.4/platform/emlib/src/em_cmu.o
                0x00001db0                CMU_ClockFreqGet
 .text.rhclkPrescOptimize
                0x00001f48       0x20 ./gecko_sdk_4.4.4/platform/emlib/src/em_cmu.o
 .text.CMU_ClockSelectGet
                0x00001f68      0x168 ./gecko_sdk_4.4.4/platform/emlib/src/em_cmu.o
                0x00001f68                CMU_ClockSelectGet
 .text.sli_em_cmu_HFXOSetForceEnable
                0x000020d0       0x18 ./gecko_sdk_4.4.4/platform/emlib/src/em_cmu.o
                0x000020d0                sli_em_cmu_HFXOSetForceEnable
 .text.CMU_HFXOInit
                0x000020e8      0x1dc ./gecko_sdk_4.4.4/platform/emlib/src/em_cmu.o
                0x000020e8                CMU_HFXOInit
 .text.CMU_HFXOCTuneDeltaGet
                0x000022c4        0xc ./gecko_sdk_4.4.4/platform/emlib/src/em_cmu.o
                0x000022c4                CMU_HFXOCTuneDeltaGet
 .text.CMU_LFXOInit
                0x000022d0       0xc4 ./gecko_sdk_4.4.4/platform/emlib/src/em_cmu.o
                0x000022d0                CMU_LFXOInit
 .text.CMU_LFXOPrecisionSet
                0x00002394        0xc ./gecko_sdk_4.4.4/platform/emlib/src/em_cmu.o
                0x00002394                CMU_LFXOPrecisionSet
 .text.CMU_HFXOPrecisionSet
                0x000023a0        0xc ./gecko_sdk_4.4.4/platform/emlib/src/em_cmu.o
                0x000023a0                CMU_HFXOPrecisionSet
 .text.CMU_ClockDivSet
                0x000023ac      0x104 ./gecko_sdk_4.4.4/platform/emlib/src/em_cmu.o
                0x000023ac                CMU_ClockDivSet
 .text.sli_em_cmu_SYSCLKInitPreClockSelect
                0x000024b0       0x20 ./gecko_sdk_4.4.4/platform/emlib/src/em_cmu.o
                0x000024b0                sli_em_cmu_SYSCLKInitPreClockSelect
 .text.pclkDivOptimize
                0x000024d0       0x24 ./gecko_sdk_4.4.4/platform/emlib/src/em_cmu.o
 .text.EMU_EM4Init
                0x000024f4       0x14 ./gecko_sdk_4.4.4/platform/emlib/src/em_emu.o
                0x000024f4                EMU_EM4Init
 .text.EMU_VScaleEM01
                0x00002508       0xa8 ./gecko_sdk_4.4.4/platform/emlib/src/em_emu.o
                0x00002508                EMU_VScaleEM01
 .text.EMU_VScaleEM01ByClock
                0x000025b0       0x30 ./gecko_sdk_4.4.4/platform/emlib/src/em_emu.o
                0x000025b0                EMU_VScaleEM01ByClock
 .text.EMU_DCDCModeSet
                0x000025e0       0xb8 ./gecko_sdk_4.4.4/platform/emlib/src/em_emu.o
                0x000025e0                EMU_DCDCModeSet
 .text.EMU_DCDCInit
                0x00002698       0x74 ./gecko_sdk_4.4.4/platform/emlib/src/em_emu.o
                0x00002698                EMU_DCDCInit
 .text.EUSART_Reset
                0x0000270c       0x34 ./gecko_sdk_4.4.4/platform/emlib/src/em_eusart.o
                0x0000270c                EUSART_Reset
 .text.EUSART_Enable
                0x00002740       0x60 ./gecko_sdk_4.4.4/platform/emlib/src/em_eusart.o
                0x00002740                EUSART_Enable
 .text.EUSART_BaudrateSet
                0x000027a0      0x128 ./gecko_sdk_4.4.4/platform/emlib/src/em_eusart.o
                0x000027a0                EUSART_BaudrateSet
 .text.EUSART_AsyncInitCommon.constprop.0
                0x000028c8      0x178 ./gecko_sdk_4.4.4/platform/emlib/src/em_eusart.o
 .text.EUSART_UartInitLf
                0x00002a40       0xb4 ./gecko_sdk_4.4.4/platform/emlib/src/em_eusart.o
                0x00002a40                EUSART_UartInitLf
 .text.EUSART_UartInitHf
                0x00002af4       0x50 ./gecko_sdk_4.4.4/platform/emlib/src/em_eusart.o
                0x00002af4                EUSART_UartInitHf
 .text.BUS_RegBitWrite
                0x00002b44       0x2c ./gecko_sdk_4.4.4/platform/emlib/src/em_gpio.o
 .text.GPIO_PinOutSet
                0x00002b70       0x40 ./gecko_sdk_4.4.4/platform/emlib/src/em_gpio.o
 .text.GPIO_PinOutClear
                0x00002bb0       0x40 ./gecko_sdk_4.4.4/platform/emlib/src/em_gpio.o
 .text.GPIO_ExtIntConfig
                0x00002bf0       0xe0 ./gecko_sdk_4.4.4/platform/emlib/src/em_gpio.o
                0x00002bf0                GPIO_ExtIntConfig
 .text.GPIO_PinModeSet
                0x00002cd0       0x90 ./gecko_sdk_4.4.4/platform/emlib/src/em_gpio.o
                0x00002cd0                GPIO_PinModeSet
 .text.LDMA_DeInit
                0x00002d60       0x3c ./gecko_sdk_4.4.4/platform/emlib/src/em_ldma.o
                0x00002d60                LDMA_DeInit
 .text.LDMA_EnableChannelRequest
                0x00002d9c       0x40 ./gecko_sdk_4.4.4/platform/emlib/src/em_ldma.o
                0x00002d9c                LDMA_EnableChannelRequest
 .text.LDMA_Init
                0x00002ddc       0x94 ./gecko_sdk_4.4.4/platform/emlib/src/em_ldma.o
                0x00002ddc                LDMA_Init
 .text.LDMA_StartTransfer
                0x00002e70      0x100 ./gecko_sdk_4.4.4/platform/emlib/src/em_ldma.o
                0x00002e70                LDMA_StartTransfer
 .text.LDMA_StopTransfer
                0x00002f70       0x38 ./gecko_sdk_4.4.4/platform/emlib/src/em_ldma.o
                0x00002f70                LDMA_StopTransfer
 .text.LDMA_TransferDone
                0x00002fa8       0x44 ./gecko_sdk_4.4.4/platform/emlib/src/em_ldma.o
                0x00002fa8                LDMA_TransferDone
 .text.RTCC_ChannelInit
                0x00002fec       0x48 ./gecko_sdk_4.4.4/platform/emlib/src/em_rtcc.o
                0x00002fec                RTCC_ChannelInit
 .text.RTCC_Enable
                0x00003034       0x54 ./gecko_sdk_4.4.4/platform/emlib/src/em_rtcc.o
                0x00003034                RTCC_Enable
 .text.RTCC_Init
                0x00003088       0x48 ./gecko_sdk_4.4.4/platform/emlib/src/em_rtcc.o
                0x00003088                RTCC_Init
 .text.SYSTEM_GetProdRev
                0x000030d0       0x10 ./gecko_sdk_4.4.4/platform/emlib/src/em_system.o
                0x000030d0                SYSTEM_GetProdRev
 .text.sl_device_init_dcdc
                0x000030e0       0x20 ./gecko_sdk_4.4.4/platform/service/device_init/src/sl_device_init_dcdc_s2.o
                0x000030e0                sl_device_init_dcdc
 .text.sl_device_init_emu
                0x00003100       0x24 ./gecko_sdk_4.4.4/platform/service/device_init/src/sl_device_init_emu_s2.o
                0x00003100                sl_device_init_emu
 .text.sl_device_init_hfxo
                0x00003124       0x74 ./gecko_sdk_4.4.4/platform/service/device_init/src/sl_device_init_hfxo_s2.o
                0x00003124                sl_device_init_hfxo
 .text.sl_device_init_lfxo
                0x00003198       0x2c ./gecko_sdk_4.4.4/platform/service/device_init/src/sl_device_init_lfxo_s2.o
                0x00003198                sl_device_init_lfxo
 .text.sl_device_init_nvic
                0x000031c4       0x3c ./gecko_sdk_4.4.4/platform/service/device_init/src/sl_device_init_nvic.o
                0x000031c4                sl_device_init_nvic
 .text.sl_iostream_set_default
                0x00003200       0x18 ./gecko_sdk_4.4.4/platform/service/iostream/src/sl_iostream.o
                0x00003200                sl_iostream_set_default
 .text.sl_iostream_get_default
                0x00003218       0x18 ./gecko_sdk_4.4.4/platform/service/iostream/src/sl_iostream.o
                0x00003218                sl_iostream_get_default
 .text.sl_iostream_eusart_init
                0x00003230      0x1e4 ./gecko_sdk_4.4.4/platform/service/iostream/src/sl_iostream_eusart.o
                0x00003230                sl_iostream_eusart_init
 .text._write   0x00003414       0x20 ./gecko_sdk_4.4.4/platform/service/iostream/src/sl_iostream_retarget_stdio.o
                0x00003414                _write
 .text.sl_iostream_stdlib_disable_buffering
                0x00003434       0x14 ./gecko_sdk_4.4.4/platform/service/iostream/src/sl_iostream_stdlib_config.o
                0x00003434                sl_iostream_stdlib_disable_buffering
 .text.get_write_ptr
                0x00003448       0x40 ./gecko_sdk_4.4.4/platform/service/iostream/src/sl_iostream_uart.o
 .text.dma_irq_handler
                0x00003488       0x74 ./gecko_sdk_4.4.4/platform/service/iostream/src/sl_iostream_uart.o
 .text.uart_read
                0x000034fc      0x1f4 ./gecko_sdk_4.4.4/platform/service/iostream/src/sl_iostream_uart.o
 .text.uart_deinit
                0x000036f0       0x98 ./gecko_sdk_4.4.4/platform/service/iostream/src/sl_iostream_uart.o
 .text.uart_write
                0x00003788       0xc0 ./gecko_sdk_4.4.4/platform/service/iostream/src/sl_iostream_uart.o
 .text.sli_iostream_uart_context_init
                0x00003848       0xf8 ./gecko_sdk_4.4.4/platform/service/iostream/src/sl_iostream_uart.o
                0x00003848                sli_iostream_uart_context_init
 .text.delta_list_insert_timer
                0x00003940       0x40 ./gecko_sdk_4.4.4/platform/service/sleeptimer/src/sl_sleeptimer.o
 .text.update_delta_list
                0x00003980       0x34 ./gecko_sdk_4.4.4/platform/service/sleeptimer/src/sl_sleeptimer.o
 .text.set_comparator_for_next_timer
                0x000039b4       0x5c ./gecko_sdk_4.4.4/platform/service/sleeptimer/src/sl_sleeptimer.o
 .text.delta_list_remove_timer
                0x00003a10       0x38 ./gecko_sdk_4.4.4/platform/service/sleeptimer/src/sl_sleeptimer.o
 .text.sl_sleeptimer_init
                0x00003a48       0x74 ./gecko_sdk_4.4.4/platform/service/sleeptimer/src/sl_sleeptimer.o
                0x00003a48                sl_sleeptimer_init
 .text.sl_sleeptimer_get_timer_frequency
                0x00003abc        0xc ./gecko_sdk_4.4.4/platform/service/sleeptimer/src/sl_sleeptimer.o
                0x00003abc                sl_sleeptimer_get_timer_frequency
 .text.process_timer_irq
                0x00003ac8      0x150 ./gecko_sdk_4.4.4/platform/service/sleeptimer/src/sl_sleeptimer.o
                0x00003ac8                process_timer_irq
 .text.sleeptimer_hal_init_timer
                0x00003c18       0x88 ./gecko_sdk_4.4.4/platform/service/sleeptimer/src/sl_sleeptimer_hal_rtcc.o
                0x00003c18                sleeptimer_hal_init_timer
 .text.sleeptimer_hal_set_compare
                0x00003ca0       0x64 ./gecko_sdk_4.4.4/platform/service/sleeptimer/src/sl_sleeptimer_hal_rtcc.o
                0x00003ca0                sleeptimer_hal_set_compare
 .text.sleeptimer_hal_disable_int
                0x00003d04       0x30 ./gecko_sdk_4.4.4/platform/service/sleeptimer/src/sl_sleeptimer_hal_rtcc.o
                0x00003d04                sleeptimer_hal_disable_int
 .text.sleeptimer_hal_set_int
                0x00003d34       0x10 ./gecko_sdk_4.4.4/platform/service/sleeptimer/src/sl_sleeptimer_hal_rtcc.o
                0x00003d34                sleeptimer_hal_set_int
 .text.RTCC_IRQHandler
                0x00003d44       0x34 ./gecko_sdk_4.4.4/platform/service/sleeptimer/src/sl_sleeptimer_hal_rtcc.o
                0x00003d44                RTCC_IRQHandler
 .text          0x00003d78      0x378 c:/siliconlabs/simplicitystudio/v5/developer/toolchains/gnu_arm/12.2.rel1_2023.7/bin/../lib/gcc/arm-none-eabi/12.2.1/thumb/v8-m.main+fp/hard\libgcc.a(_arm_addsubdf3.o)
                0x00003d78                __aeabi_drsub
                0x00003d80                __aeabi_dsub
                0x00003d80                __subdf3
                0x00003d84                __aeabi_dadd
                0x00003d84                __adddf3
                0x00003ffc                __floatunsidf
                0x00003ffc                __aeabi_ui2d
                0x0000401c                __floatsidf
                0x0000401c                __aeabi_i2d
                0x00004040                __aeabi_f2d
                0x00004040                __extendsfdf2
                0x00004084                __floatundidf
                0x00004084                __aeabi_ul2d
                0x00004094                __floatdidf
                0x00004094                __aeabi_l2d
 .text          0x000040f0       0x30 c:/siliconlabs/simplicitystudio/v5/developer/toolchains/gnu_arm/12.2.rel1_2023.7/bin/../lib/gcc/arm-none-eabi/12.2.1/thumb/v8-m.main+fp/hard\libgcc.a(_aeabi_uldivmod.o)
                0x000040f0                __aeabi_uldivmod
 .text.__udivmoddi4
                0x00004120      0x2ec c:/siliconlabs/simplicitystudio/v5/developer/toolchains/gnu_arm/12.2.rel1_2023.7/bin/../lib/gcc/arm-none-eabi/12.2.1/thumb/v8-m.main+fp/hard\libgcc.a(_udivmoddi4.o)
                0x00004120                __udivmoddi4
 .text          0x0000440c        0x4 c:/siliconlabs/simplicitystudio/v5/developer/toolchains/gnu_arm/12.2.rel1_2023.7/bin/../lib/gcc/arm-none-eabi/12.2.1/thumb/v8-m.main+fp/hard\libgcc.a(_dvmd_tls.o)
                0x0000440c                __aeabi_idiv0
                0x0000440c                __aeabi_ldiv0
 .text.exit     0x00004410       0x24 c:/siliconlabs/simplicitystudio/v5/developer/toolchains/gnu_arm/12.2.rel1_2023.7/bin/../lib/gcc/arm-none-eabi/12.2.1/thumb/v8-m.main+fp/hard\libc_nano.a(libc_a-exit.o)
                0x00004410                exit
 .text._printf_float
                0x00004434      0x468 c:/siliconlabs/simplicitystudio/v5/developer/toolchains/gnu_arm/12.2.rel1_2023.7/bin/../lib/gcc/arm-none-eabi/12.2.1/thumb/v8-m.main+fp/hard\libc_nano.a(libc_a-nano-vfprintf_float.o)
                0x00004434                _printf_float
 .text._printf_i
                0x0000489c      0x258 c:/siliconlabs/simplicitystudio/v5/developer/toolchains/gnu_arm/12.2.rel1_2023.7/bin/../lib/gcc/arm-none-eabi/12.2.1/thumb/v8-m.main+fp/hard\libc_nano.a(libc_a-nano-vfprintf_i.o)
                0x0000489c                _printf_i
 .text.std      0x00004af4       0x6c c:/siliconlabs/simplicitystudio/v5/developer/toolchains/gnu_arm/12.2.rel1_2023.7/bin/../lib/gcc/arm-none-eabi/12.2.1/thumb/v8-m.main+fp/hard\libc_nano.a(libc_a-findfp.o)
 .text.stdio_exit_handler
                0x00004b60       0x18 c:/siliconlabs/simplicitystudio/v5/developer/toolchains/gnu_arm/12.2.rel1_2023.7/bin/../lib/gcc/arm-none-eabi/12.2.1/thumb/v8-m.main+fp/hard\libc_nano.a(libc_a-findfp.o)
 .text.cleanup_stdio
                0x00004b78       0x40 c:/siliconlabs/simplicitystudio/v5/developer/toolchains/gnu_arm/12.2.rel1_2023.7/bin/../lib/gcc/arm-none-eabi/12.2.1/thumb/v8-m.main+fp/hard\libc_nano.a(libc_a-findfp.o)
 .text.global_stdio_init.part.0
                0x00004bb8       0x3c c:/siliconlabs/simplicitystudio/v5/developer/toolchains/gnu_arm/12.2.rel1_2023.7/bin/../lib/gcc/arm-none-eabi/12.2.1/thumb/v8-m.main+fp/hard\libc_nano.a(libc_a-findfp.o)
 .text.__sfp_lock_acquire
                0x00004bf4        0xc c:/siliconlabs/simplicitystudio/v5/developer/toolchains/gnu_arm/12.2.rel1_2023.7/bin/../lib/gcc/arm-none-eabi/12.2.1/thumb/v8-m.main+fp/hard\libc_nano.a(libc_a-findfp.o)
                0x00004bf4                __sfp_lock_acquire
 .text.__sfp_lock_release
                0x00004c00        0xc c:/siliconlabs/simplicitystudio/v5/developer/toolchains/gnu_arm/12.2.rel1_2023.7/bin/../lib/gcc/arm-none-eabi/12.2.1/thumb/v8-m.main+fp/hard\libc_nano.a(libc_a-findfp.o)
                0x00004c00                __sfp_lock_release
 .text.__sinit  0x00004c0c       0x30 c:/siliconlabs/simplicitystudio/v5/developer/toolchains/gnu_arm/12.2.rel1_2023.7/bin/../lib/gcc/arm-none-eabi/12.2.1/thumb/v8-m.main+fp/hard\libc_nano.a(libc_a-findfp.o)
                0x00004c0c                __sinit
 .text.setvbuf  0x00004c3c      0x168 c:/siliconlabs/simplicitystudio/v5/developer/toolchains/gnu_arm/12.2.rel1_2023.7/bin/../lib/gcc/arm-none-eabi/12.2.1/thumb/v8-m.main+fp/hard\libc_nano.a(libc_a-setvbuf.o)
                0x00004c3c                setvbuf
 .text.vprintf  0x00004da4       0x14 c:/siliconlabs/simplicitystudio/v5/developer/toolchains/gnu_arm/12.2.rel1_2023.7/bin/../lib/gcc/arm-none-eabi/12.2.1/thumb/v8-m.main+fp/hard\libc_nano.a(libc_a-vprintf.o)
                0x00004da4                viprintf
                0x00004da4                vprintf
 .text._localeconv_r
                0x00004db8        0x8 c:/siliconlabs/simplicitystudio/v5/developer/toolchains/gnu_arm/12.2.rel1_2023.7/bin/../lib/gcc/arm-none-eabi/12.2.1/thumb/v8-m.main+fp/hard\libc_nano.a(libc_a-localeconv.o)
                0x00004db8                _localeconv_r
 .text._close_r
                0x00004dc0       0x20 c:/siliconlabs/simplicitystudio/v5/developer/toolchains/gnu_arm/12.2.rel1_2023.7/bin/../lib/gcc/arm-none-eabi/12.2.1/thumb/v8-m.main+fp/hard\libc_nano.a(libc_a-closer.o)
                0x00004dc0                _close_r
 .text._lseek_r
                0x00004de0       0x24 c:/siliconlabs/simplicitystudio/v5/developer/toolchains/gnu_arm/12.2.rel1_2023.7/bin/../lib/gcc/arm-none-eabi/12.2.1/thumb/v8-m.main+fp/hard\libc_nano.a(libc_a-lseekr.o)
                0x00004de0                _lseek_r
 .text._read_r  0x00004e04       0x24 c:/siliconlabs/simplicitystudio/v5/developer/toolchains/gnu_arm/12.2.rel1_2023.7/bin/../lib/gcc/arm-none-eabi/12.2.1/thumb/v8-m.main+fp/hard\libc_nano.a(libc_a-readr.o)
                0x00004e04                _read_r
 .text._write_r
                0x00004e28       0x24 c:/siliconlabs/simplicitystudio/v5/developer/toolchains/gnu_arm/12.2.rel1_2023.7/bin/../lib/gcc/arm-none-eabi/12.2.1/thumb/v8-m.main+fp/hard\libc_nano.a(libc_a-writer.o)
                0x00004e28                _write_r
 .text.__libc_init_array
                0x00004e4c       0x48 c:/siliconlabs/simplicitystudio/v5/developer/toolchains/gnu_arm/12.2.rel1_2023.7/bin/../lib/gcc/arm-none-eabi/12.2.1/thumb/v8-m.main+fp/hard\libc_nano.a(libc_a-init.o)
                0x00004e4c                __libc_init_array
 .text._free_r  0x00004e94       0x94 c:/siliconlabs/simplicitystudio/v5/developer/toolchains/gnu_arm/12.2.rel1_2023.7/bin/../lib/gcc/arm-none-eabi/12.2.1/thumb/v8-m.main+fp/hard\libc_nano.a(libc_a-freer.o)
                0x00004e94                _free_r
 .text.malloc   0x00004f28       0x10 c:/siliconlabs/simplicitystudio/v5/developer/toolchains/gnu_arm/12.2.rel1_2023.7/bin/../lib/gcc/arm-none-eabi/12.2.1/thumb/v8-m.main+fp/hard\libc_nano.a(libc_a-malloc.o)
                0x00004f28                malloc
 .text.sbrk_aligned
                0x00004f38       0x44 c:/siliconlabs/simplicitystudio/v5/developer/toolchains/gnu_arm/12.2.rel1_2023.7/bin/../lib/gcc/arm-none-eabi/12.2.1/thumb/v8-m.main+fp/hard\libc_nano.a(libc_a-mallocr.o)
 .text._malloc_r
                0x00004f7c       0xf0 c:/siliconlabs/simplicitystudio/v5/developer/toolchains/gnu_arm/12.2.rel1_2023.7/bin/../lib/gcc/arm-none-eabi/12.2.1/thumb/v8-m.main+fp/hard\libc_nano.a(libc_a-mallocr.o)
                0x00004f7c                _malloc_r
 .text.__malloc_lock
                0x0000506c        0xc c:/siliconlabs/simplicitystudio/v5/developer/toolchains/gnu_arm/12.2.rel1_2023.7/bin/../lib/gcc/arm-none-eabi/12.2.1/thumb/v8-m.main+fp/hard\libc_nano.a(libc_a-mlock.o)
                0x0000506c                __malloc_lock
 .text.__malloc_unlock
                0x00005078        0xc c:/siliconlabs/simplicitystudio/v5/developer/toolchains/gnu_arm/12.2.rel1_2023.7/bin/../lib/gcc/arm-none-eabi/12.2.1/thumb/v8-m.main+fp/hard\libc_nano.a(libc_a-mlock.o)
                0x00005078                __malloc_unlock
 .text._Balloc  0x00005084       0x80 c:/siliconlabs/simplicitystudio/v5/developer/toolchains/gnu_arm/12.2.rel1_2023.7/bin/../lib/gcc/arm-none-eabi/12.2.1/thumb/v8-m.main+fp/hard\libc_nano.a(libc_a-mprec.o)
                0x00005084                _Balloc
 .text._Bfree   0x00005104       0x44 c:/siliconlabs/simplicitystudio/v5/developer/toolchains/gnu_arm/12.2.rel1_2023.7/bin/../lib/gcc/arm-none-eabi/12.2.1/thumb/v8-m.main+fp/hard\libc_nano.a(libc_a-mprec.o)
                0x00005104                _Bfree
 .text.__multadd
                0x00005148       0x90 c:/siliconlabs/simplicitystudio/v5/developer/toolchains/gnu_arm/12.2.rel1_2023.7/bin/../lib/gcc/arm-none-eabi/12.2.1/thumb/v8-m.main+fp/hard\libc_nano.a(libc_a-mprec.o)
                0x00005148                __multadd
 .text.__i2b    0x000051d8       0x2c c:/siliconlabs/simplicitystudio/v5/developer/toolchains/gnu_arm/12.2.rel1_2023.7/bin/../lib/gcc/arm-none-eabi/12.2.1/thumb/v8-m.main+fp/hard\libc_nano.a(libc_a-mprec.o)
                0x000051d8                __i2b
 .text.__multiply
                0x00005204      0x154 c:/siliconlabs/simplicitystudio/v5/developer/toolchains/gnu_arm/12.2.rel1_2023.7/bin/../lib/gcc/arm-none-eabi/12.2.1/thumb/v8-m.main+fp/hard\libc_nano.a(libc_a-mprec.o)
                0x00005204                __multiply
 .text.__pow5mult
                0x00005358       0xb4 c:/siliconlabs/simplicitystudio/v5/developer/toolchains/gnu_arm/12.2.rel1_2023.7/bin/../lib/gcc/arm-none-eabi/12.2.1/thumb/v8-m.main+fp/hard\libc_nano.a(libc_a-mprec.o)
                0x00005358                __pow5mult
 .text.__lshift
                0x0000540c       0xd8 c:/siliconlabs/simplicitystudio/v5/developer/toolchains/gnu_arm/12.2.rel1_2023.7/bin/../lib/gcc/arm-none-eabi/12.2.1/thumb/v8-m.main+fp/hard\libc_nano.a(libc_a-mprec.o)
                0x0000540c                __lshift
 .text.__mdiff  0x000054e4      0x130 c:/siliconlabs/simplicitystudio/v5/developer/toolchains/gnu_arm/12.2.rel1_2023.7/bin/../lib/gcc/arm-none-eabi/12.2.1/thumb/v8-m.main+fp/hard\libc_nano.a(libc_a-mprec.o)
                0x000054e4                __mdiff
 .text.__d2b    0x00005614       0xb0 c:/siliconlabs/simplicitystudio/v5/developer/toolchains/gnu_arm/12.2.rel1_2023.7/bin/../lib/gcc/arm-none-eabi/12.2.1/thumb/v8-m.main+fp/hard\libc_nano.a(libc_a-mprec.o)
                0x00005614                __d2b
 .text._vfprintf_r
                0x000056c4      0x230 c:/siliconlabs/simplicitystudio/v5/developer/toolchains/gnu_arm/12.2.rel1_2023.7/bin/../lib/gcc/arm-none-eabi/12.2.1/thumb/v8-m.main+fp/hard\libc_nano.a(libc_a-nano-vfprintf.o)
                0x000056c4                _vfprintf_r
                0x000056c4                _vfiprintf_r
 .text.__swsetup_r
                0x000058f4       0xac c:/siliconlabs/simplicitystudio/v5/developer/toolchains/gnu_arm/12.2.rel1_2023.7/bin/../lib/gcc/arm-none-eabi/12.2.1/thumb/v8-m.main+fp/hard\libc_nano.a(libc_a-wsetup.o)
                0x000058f4                __swsetup_r
 .text._fstat_r
                0x000059a0       0x24 c:/siliconlabs/simplicitystudio/v5/developer/toolchains/gnu_arm/12.2.rel1_2023.7/bin/../lib/gcc/arm-none-eabi/12.2.1/thumb/v8-m.main+fp/hard\libc_nano.a(libc_a-fstatr.o)
                0x000059a0                _fstat_r
 .text._isatty_r
                0x000059c4       0x20 c:/siliconlabs/simplicitystudio/v5/developer/toolchains/gnu_arm/12.2.rel1_2023.7/bin/../lib/gcc/arm-none-eabi/12.2.1/thumb/v8-m.main+fp/hard\libc_nano.a(libc_a-isattyr.o)
                0x000059c4                _isatty_r
 .text._sbrk_r  0x000059e4       0x20 c:/siliconlabs/simplicitystudio/v5/developer/toolchains/gnu_arm/12.2.rel1_2023.7/bin/../lib/gcc/arm-none-eabi/12.2.1/thumb/v8-m.main+fp/hard\libc_nano.a(libc_a-sbrkr.o)
                0x000059e4                _sbrk_r
 .text.__assert_func
                0x00005a04       0x3c c:/siliconlabs/simplicitystudio/v5/developer/toolchains/gnu_arm/12.2.rel1_2023.7/bin/../lib/gcc/arm-none-eabi/12.2.1/thumb/v8-m.main+fp/hard\libc_nano.a(libc_a-assert.o)
                0x00005a04                __assert_func
 .text.fprintf  0x00005a40       0x24 c:/siliconlabs/simplicitystudio/v5/developer/toolchains/gnu_arm/12.2.rel1_2023.7/bin/../lib/gcc/arm-none-eabi/12.2.1/thumb/v8-m.main+fp/hard\libc_nano.a(libc_a-fprintf.o)
                0x00005a40                fiprintf
                0x00005a40                fprintf
 .text.raise    0x00005a64       0x10 c:/siliconlabs/simplicitystudio/v5/developer/toolchains/gnu_arm/12.2.rel1_2023.7/bin/../lib/gcc/arm-none-eabi/12.2.1/thumb/v8-m.main+fp/hard\libc_nano.a(libc_a-signal.o)
                0x00005a64                raise
 .text._kill_r  0x00005a74       0x24 c:/siliconlabs/simplicitystudio/v5/developer/toolchains/gnu_arm/12.2.rel1_2023.7/bin/../lib/gcc/arm-none-eabi/12.2.1/thumb/v8-m.main+fp/hard\libc_nano.a(libc_a-signalr.o)
                0x00005a74                _kill_r
 .text          0x00005a98      0x424 c:/siliconlabs/simplicitystudio/v5/developer/toolchains/gnu_arm/12.2.rel1_2023.7/bin/../lib/gcc/arm-none-eabi/12.2.1/thumb/v8-m.main+fp/hard\libgcc.a(_arm_muldivdf3.o)
                0x00005a98                __aeabi_dmul
                0x00005a98                __muldf3
                0x00005cec                __divdf3
                0x00005cec                __aeabi_ddiv
 .text          0x00005ebc      0x110 c:/siliconlabs/simplicitystudio/v5/developer/toolchains/gnu_arm/12.2.rel1_2023.7/bin/../lib/gcc/arm-none-eabi/12.2.1/thumb/v8-m.main+fp/hard\libgcc.a(_arm_cmpdf2.o)
                0x00005ebc                __gtdf2
                0x00005ebc                __gedf2
                0x00005ec4                __ltdf2
                0x00005ec4                __ledf2
                0x00005ecc                __nedf2
                0x00005ecc                __eqdf2
                0x00005ecc                __cmpdf2
                0x00005f48                __aeabi_cdrcmple
                0x00005f58                __aeabi_cdcmpeq
                0x00005f58                __aeabi_cdcmple
                0x00005f68                __aeabi_dcmpeq
                0x00005f7c                __aeabi_dcmplt
                0x00005f90                __aeabi_dcmple
                0x00005fa4                __aeabi_dcmpge
                0x00005fb8                __aeabi_dcmpgt
 .text          0x00005fcc       0x2c c:/siliconlabs/simplicitystudio/v5/developer/toolchains/gnu_arm/12.2.rel1_2023.7/bin/../lib/gcc/arm-none-eabi/12.2.1/thumb/v8-m.main+fp/hard\libgcc.a(_arm_unorddf2.o)
                0x00005fcc                __unorddf2
                0x00005fcc                __aeabi_dcmpun
 .text          0x00005ff8       0x50 c:/siliconlabs/simplicitystudio/v5/developer/toolchains/gnu_arm/12.2.rel1_2023.7/bin/../lib/gcc/arm-none-eabi/12.2.1/thumb/v8-m.main+fp/hard\libgcc.a(_arm_fixdfsi.o)
                0x00005ff8                __aeabi_d2iz
                0x00005ff8                __fixdfsi
 .text.app_init
                0x00006048        0x4 ./app.o
                0x00006048                app_init
 .text.app_process_action
                0x0000604c        0x4 ./app.o
                0x0000604c                app_process_action
 .text.startup.main
                0x00006050       0x14 ./main.o
                0x00006050                main
 .text.sl_board_default_init
                0x00006064        0x2 ./autogen/sl_board_default_init.o
                0x00006064                sl_board_default_init
 .text.sl_driver_init
                0x00006066        0xe ./autogen/sl_event_handler.o
                0x00006066                sl_driver_init
 .text.sl_service_init
                0x00006074       0x16 ./autogen/sl_event_handler.o
                0x00006074                sl_service_init
 .text.sl_stack_init
                0x0000608a        0x2 ./autogen/sl_event_handler.o
                0x0000608a                sl_stack_init
 .text.sl_internal_app_init
                0x0000608c        0x4 ./autogen/sl_event_handler.o
                0x0000608c                sl_internal_app_init
 .text.sl_platform_process_action
                0x00006090        0x2 ./autogen/sl_event_handler.o
                0x00006090                sl_platform_process_action
 .text.sl_service_process_action
                0x00006092        0x2 ./autogen/sl_event_handler.o
                0x00006092                sl_service_process_action
 .text.sl_stack_process_action
                0x00006094        0x2 ./autogen/sl_event_handler.o
                0x00006094                sl_stack_process_action
 .text.sl_internal_app_process_action
                0x00006096        0x2 ./autogen/sl_event_handler.o
                0x00006096                sl_internal_app_process_action
 .text.sl_iostream_eusart_init_instances
                0x00006098        0x4 ./autogen/sl_iostream_init_eusart_instances.o
                0x00006098                sl_iostream_eusart_init_instances
 .text.EUART0_TX_IRQHandler
                0x0000609c        0x4 ./autogen/sl_iostream_init_eusart_instances.o
                0x0000609c                EUART0_TX_IRQHandler
 .text._app_log_time
                0x000060a0        0x2 ./gecko_sdk_4.4.4/app/common/util/app_log/app_log.o
                0x000060a0                _app_log_time
 .text._app_log_counter
                0x000060a2        0x2 ./gecko_sdk_4.4.4/app/common/util/app_log/app_log.o
                0x000060a2                _app_log_counter
 .text.sl_board_configure_vcom
                0x000060a4        0x4 ./gecko_sdk_4.4.4/hardware/board/src/sl_board_control_gpio.o
                0x000060a4                sl_board_configure_vcom
 .text.sl_board_init
                0x000060a8       0x12 ./gecko_sdk_4.4.4/hardware/board/src/sl_board_init.o
                0x000060a8                sl_board_init
 .text.sl_board_preinit
                0x000060ba        0x8 ./gecko_sdk_4.4.4/hardware/board/src/sl_board_init.o
                0x000060ba                sl_board_preinit
 .text.sli_cos_swo_itm_8_write.constprop.0.isra.0
                0x000060c2       0x78 ./gecko_sdk_4.4.4/hardware/driver/configuration_over_swo/src/sl_cos.o
 .text.sl_cos_send_config
                0x0000613a       0x12 ./gecko_sdk_4.4.4/hardware/driver/configuration_over_swo/src/sl_cos.o
                0x0000613a                sl_cos_send_config
 .text.sl_cos_config_vcom
                0x0000614c       0x1e ./gecko_sdk_4.4.4/hardware/driver/configuration_over_swo/src/sl_cos.o
                0x0000614c                sl_cos_config_vcom
 .text.Default_Handler
                0x0000616a        0x2 ./gecko_sdk_4.4.4/platform/Device/SiliconLabs/BGM22/Source/startup_bgm22.o
                0x0000616a                ULFRCO_IRQHandler
                0x0000616a                SW2_IRQHandler
                0x0000616a                TIMER2_IRQHandler
                0x0000616a                DebugMon_Handler
                0x0000616a                PKE_IRQHandler
                0x0000616a                USART0_TX_IRQHandler
                0x0000616a                PRORTC_IRQHandler
                0x0000616a                IADC_IRQHandler
                0x0000616a                I2C0_IRQHandler
                0x0000616a                LFXO_IRQHandler
                0x0000616a                CRYPTOACC_IRQHandler
                0x0000616a                HardFault_Handler
                0x0000616a                SMU_SECURE_IRQHandler
                0x0000616a                SysTick_Handler
                0x0000616a                USART1_RX_IRQHandler
                0x0000616a                EMUEFP_IRQHandler
                0x0000616a                PendSV_Handler
                0x0000616a                NMI_Handler
                0x0000616a                SYNTH_IRQHandler
                0x0000616a                HFXO0_IRQHandler
                0x0000616a                I2C1_IRQHandler
                0x0000616a                PDM_IRQHandler
                0x0000616a                WDOG0_IRQHandler
                0x0000616a                TIMER3_IRQHandler
                0x0000616a                SYSCFG_IRQHandler
                0x0000616a                EMUSE_IRQHandler
                0x0000616a                EMUDG_IRQHandler
                0x0000616a                USART1_TX_IRQHandler
                0x0000616a                MSC_IRQHandler
                0x0000616a                DPLL0_IRQHandler
                0x0000616a                UsageFault_Handler
                0x0000616a                M33CTI1_IRQHandler
                0x0000616a                TIMER4_IRQHandler
                0x0000616a                SW0_IRQHandler
                0x0000616a                TIMER0_IRQHandler
                0x0000616a                LETIMER0_IRQHandler
                0x0000616a                TIMER1_IRQHandler
                0x0000616a                HFRCO0_IRQHandler
                0x0000616a                RFSENSE_IRQHandler
                0x0000616a                SecureFault_Handler
                0x0000616a                BUFC_IRQHandler
                0x0000616a                DCDC_IRQHandler
                0x0000616a                MODEM_IRQHandler
                0x0000616a                Default_Handler
                0x0000616a                RAC_SEQ_IRQHandler
                0x0000616a                FRC_PRI_IRQHandler
                0x0000616a                EMU_IRQHandler
                0x0000616a                SW3_IRQHandler
                0x0000616a                KERNEL0_IRQHandler
                0x0000616a                FRC_IRQHandler
                0x0000616a                KERNEL1_IRQHandler
                0x0000616a                AGC_IRQHandler
                0x0000616a                sl_app_properties
                0x0000616a                BURTC_IRQHandler
                0x0000616a                LFRCO_IRQHandler
                0x0000616a                USART0_RX_IRQHandler
                0x0000616a                MemManage_Handler
                0x0000616a                RDMAILBOX_IRQHandler
                0x0000616a                SVC_Handler
                0x0000616a                SMU_S_PRIVILEGED_IRQHandler
                0x0000616a                SW1_IRQHandler
                0x0000616a                CMU_IRQHandler
                0x0000616a                RAC_RSM_IRQHandler
                0x0000616a                GPIO_ODD_IRQHandler
                0x0000616a                AES_IRQHandler
                0x0000616a                M33CTI0_IRQHandler
                0x0000616a                ICACHE0_IRQHandler
                0x0000616a                SMU_NS_PRIVILEGED_IRQHandler
                0x0000616a                PROTIMER_IRQHandler
                0x0000616a                BusFault_Handler
                0x0000616a                TRNG_IRQHandler
 .text.FlashToRamCopy
                0x0000616c       0x16 ./gecko_sdk_4.4.4/platform/Device/SiliconLabs/BGM22/Source/system_bgm22.o
                0x0000616c                FlashToRamCopy
 .text.SystemCLKIN0Get
                0x00006182        0x4 ./gecko_sdk_4.4.4/platform/Device/SiliconLabs/BGM22/Source/system_bgm22.o
                0x00006182                SystemCLKIN0Get
 .text.SystemLFRCOClockGet
                0x00006186        0x6 ./gecko_sdk_4.4.4/platform/Device/SiliconLabs/BGM22/Source/system_bgm22.o
                0x00006186                SystemLFRCOClockGet
 .text.SystemULFRCOClockGet
                0x0000618c        0x6 ./gecko_sdk_4.4.4/platform/Device/SiliconLabs/BGM22/Source/system_bgm22.o
                0x0000618c                SystemULFRCOClockGet
 .text.assertEFM
                0x00006192        0x2 ./gecko_sdk_4.4.4/platform/common/src/sl_assert.o
                0x00006192                assertEFM
 .text.sl_debug_swo_enable_itm
                0x00006194       0x16 ./gecko_sdk_4.4.4/platform/driver/debug/src/sl_debug_swo.o
                0x00006194                sl_debug_swo_enable_itm
 .text.sl_debug_swo_disable_itm
                0x000061aa       0x18 ./gecko_sdk_4.4.4/platform/driver/debug/src/sl_debug_swo.o
                0x000061aa                sl_debug_swo_disable_itm
 .text.DMADRV_PeripheralMemory
                0x000061c2       0x34 ./gecko_sdk_4.4.4/platform/emdrv/dmadrv/src/dmadrv.o
                0x000061c2                DMADRV_PeripheralMemory
 .text.waitStateMax
                0x000061f6       0x10 ./gecko_sdk_4.4.4/platform/emlib/src/em_cmu.o
 .text.CMU_UpdateWaitStates
                0x00006206        0xc ./gecko_sdk_4.4.4/platform/emlib/src/em_cmu.o
                0x00006206                CMU_UpdateWaitStates
 .text.pclkDivMax
                0x00006212        0xa ./gecko_sdk_4.4.4/platform/emlib/src/em_cmu.o
 .text.sli_em_cmu_SYSCLKInitPostClockSelect
                0x0000621c       0x2a ./gecko_sdk_4.4.4/platform/emlib/src/em_cmu.o
                0x0000621c                sli_em_cmu_SYSCLKInitPostClockSelect
 .text.CORE_EnterCritical
                0x00006246        0x8 ./gecko_sdk_4.4.4/platform/emlib/src/em_core.o
                0x00006246                CORE_EnterCritical
 .text.CORE_ExitCritical
                0x0000624e        0x6 ./gecko_sdk_4.4.4/platform/emlib/src/em_core.o
                0x0000624e                CORE_ExitCritical
 .text.CORE_EnterAtomic
                0x00006254        0xc ./gecko_sdk_4.4.4/platform/emlib/src/em_core.o
                0x00006254                CORE_EnterAtomic
 .text.CORE_ExitAtomic
                0x00006260        0x6 ./gecko_sdk_4.4.4/platform/emlib/src/em_core.o
                0x00006260                CORE_ExitAtomic
 .text.EMU_EFPEM01VScale
                0x00006266        0x2 ./gecko_sdk_4.4.4/platform/emlib/src/em_emu.o
                0x00006266                EMU_EFPEM01VScale
 .text.EMU_DCDCUpdatedHook
                0x00006268        0x2 ./gecko_sdk_4.4.4/platform/emlib/src/em_emu.o
                0x00006268                EMU_DCDCUpdatedHook
 .text.eusart_sync
                0x0000626a        0x8 ./gecko_sdk_4.4.4/platform/emlib/src/em_eusart.o
 .text.EUSART_Disable
                0x00006272       0x3a ./gecko_sdk_4.4.4/platform/emlib/src/em_eusart.o
 .text.EUSART_Tx
                0x000062ac        0xa ./gecko_sdk_4.4.4/platform/emlib/src/em_eusart.o
                0x000062ac                EUSART_Tx
 .text.BUS_RegMaskedWrite
                0x000062b6       0x1e ./gecko_sdk_4.4.4/platform/emlib/src/em_gpio.o
 .text.GPIO_DbgLocationSet
                0x000062d4        0x2 ./gecko_sdk_4.4.4/platform/emlib/src/em_gpio.o
                0x000062d4                GPIO_DbgLocationSet
 .text.RTCC_SyncWait
                0x000062d6       0x10 ./gecko_sdk_4.4.4/platform/emlib/src/em_rtcc.o
 .text.sl_iostream_write
                0x000062e6       0x22 ./gecko_sdk_4.4.4/platform/service/iostream/src/sl_iostream.o
                0x000062e6                sl_iostream_write
 .text.sl_iostream_read
                0x00006308       0x30 ./gecko_sdk_4.4.4/platform/service/iostream/src/sl_iostream.o
                0x00006308                sl_iostream_read
 .text.sl_iostream_vprintf
                0x00006338       0x44 ./gecko_sdk_4.4.4/platform/service/iostream/src/sl_iostream.o
                0x00006338                sl_iostream_vprintf
 .text.sl_iostream_printf
                0x0000637c       0x1a ./gecko_sdk_4.4.4/platform/service/iostream/src/sl_iostream.o
                0x0000637c                sl_iostream_printf
 .text.eusart_deinit
                0x00006396       0x70 ./gecko_sdk_4.4.4/platform/service/iostream/src/sl_iostream_eusart.o
 .text.eusart_set_next_byte_detect
                0x00006406       0x30 ./gecko_sdk_4.4.4/platform/service/iostream/src/sl_iostream_eusart.o
 .text.eusart_tx
                0x00006436        0xc ./gecko_sdk_4.4.4/platform/service/iostream/src/sl_iostream_eusart.o
 .text.sl_iostream_eusart_irq_handler
                0x00006442       0x72 ./gecko_sdk_4.4.4/platform/service/iostream/src/sl_iostream_eusart.o
                0x00006442                sl_iostream_eusart_irq_handler
 .text._close   0x000064b4        0x4 ./gecko_sdk_4.4.4/platform/service/iostream/src/sl_iostream_retarget_stdio.o
                0x000064b4                _close
 .text._exit    0x000064b8        0x2 ./gecko_sdk_4.4.4/platform/service/iostream/src/sl_iostream_retarget_stdio.o
                0x000064b8                _exit
 .text._fstat   0x000064ba        0xa ./gecko_sdk_4.4.4/platform/service/iostream/src/sl_iostream_retarget_stdio.o
                0x000064ba                _fstat
 .text._getpid  0x000064c4        0x4 ./gecko_sdk_4.4.4/platform/service/iostream/src/sl_iostream_retarget_stdio.o
                0x000064c4                _getpid
 .text._isatty  0x000064c8        0x4 ./gecko_sdk_4.4.4/platform/service/iostream/src/sl_iostream_retarget_stdio.o
                0x000064c8                _isatty
 .text._kill    0x000064cc        0x6 ./gecko_sdk_4.4.4/platform/service/iostream/src/sl_iostream_retarget_stdio.o
                0x000064cc                _kill
 .text._lseek   0x000064d2        0x4 ./gecko_sdk_4.4.4/platform/service/iostream/src/sl_iostream_retarget_stdio.o
                0x000064d2                _lseek
 .text._read    0x000064d6       0x1c ./gecko_sdk_4.4.4/platform/service/iostream/src/sl_iostream_retarget_stdio.o
                0x000064d6                _read
 .text.set_auto_cr_lf
                0x000064f2        0x6 ./gecko_sdk_4.4.4/platform/service/iostream/src/sl_iostream_uart.o
 .text.get_auto_cr_lf
                0x000064f8        0x6 ./gecko_sdk_4.4.4/platform/service/iostream/src/sl_iostream_uart.o
 .text.sl_sleeptimer_get_tick_count
                0x000064fe       0x18 ./gecko_sdk_4.4.4/platform/service/sleeptimer/src/sl_sleeptimer.o
                0x000064fe                sl_sleeptimer_get_tick_count
 .text.CMU_PrescToLog2.constprop.0
                0x00006516        0x4 ./gecko_sdk_4.4.4/platform/service/sleeptimer/src/sl_sleeptimer_hal_rtcc.o
 .text.sleeptimer_hal_get_counter
                0x0000651a        0xe ./gecko_sdk_4.4.4/platform/service/sleeptimer/src/sl_sleeptimer_hal_rtcc.o
                0x0000651a                sleeptimer_hal_get_counter
 .text.sleeptimer_hal_enable_int
                0x00006528       0x18 ./gecko_sdk_4.4.4/platform/service/sleeptimer/src/sl_sleeptimer_hal_rtcc.o
                0x00006528                sleeptimer_hal_enable_int
 .text.sleeptimer_hal_get_timer_frequency
                0x00006540       0x14 ./gecko_sdk_4.4.4/platform/service/sleeptimer/src/sl_sleeptimer_hal_rtcc.o
                0x00006540                sleeptimer_hal_get_timer_frequency
 .text.sl_system_init
                0x00006554       0x1a ./gecko_sdk_4.4.4/platform/service/system/src/sl_system_init.o
                0x00006554                sl_system_init
 .text.sl_system_process_action
                0x0000656e       0x16 ./gecko_sdk_4.4.4/platform/service/system/src/sl_system_process_action.o
                0x0000656e                sl_system_process_action
 .text.__cvt    0x00006584       0xd0 c:/siliconlabs/simplicitystudio/v5/developer/toolchains/gnu_arm/12.2.rel1_2023.7/bin/../lib/gcc/arm-none-eabi/12.2.1/thumb/v8-m.main+fp/hard\libc_nano.a(libc_a-nano-vfprintf_float.o)
                0x00006584                __cvt
 .text.__exponent
                0x00006654       0x72 c:/siliconlabs/simplicitystudio/v5/developer/toolchains/gnu_arm/12.2.rel1_2023.7/bin/../lib/gcc/arm-none-eabi/12.2.1/thumb/v8-m.main+fp/hard\libc_nano.a(libc_a-nano-vfprintf_float.o)
                0x00006654                __exponent
 .text._printf_common
                0x000066c6       0xe4 c:/siliconlabs/simplicitystudio/v5/developer/toolchains/gnu_arm/12.2.rel1_2023.7/bin/../lib/gcc/arm-none-eabi/12.2.1/thumb/v8-m.main+fp/hard\libc_nano.a(libc_a-nano-vfprintf_i.o)
                0x000066c6                _printf_common
 .text._fwalk_sglue
                0x000067aa       0x3c c:/siliconlabs/simplicitystudio/v5/developer/toolchains/gnu_arm/12.2.rel1_2023.7/bin/../lib/gcc/arm-none-eabi/12.2.1/thumb/v8-m.main+fp/hard\libc_nano.a(libc_a-fwalk.o)
                0x000067aa                _fwalk_sglue
 .text.__sread  0x000067e6       0x22 c:/siliconlabs/simplicitystudio/v5/developer/toolchains/gnu_arm/12.2.rel1_2023.7/bin/../lib/gcc/arm-none-eabi/12.2.1/thumb/v8-m.main+fp/hard\libc_nano.a(libc_a-stdio.o)
                0x000067e6                __sread
 .text.__swrite
                0x00006808       0x38 c:/siliconlabs/simplicitystudio/v5/developer/toolchains/gnu_arm/12.2.rel1_2023.7/bin/../lib/gcc/arm-none-eabi/12.2.1/thumb/v8-m.main+fp/hard\libc_nano.a(libc_a-stdio.o)
                0x00006808                __swrite
 .text.__sseek  0x00006840       0x24 c:/siliconlabs/simplicitystudio/v5/developer/toolchains/gnu_arm/12.2.rel1_2023.7/bin/../lib/gcc/arm-none-eabi/12.2.1/thumb/v8-m.main+fp/hard\libc_nano.a(libc_a-stdio.o)
                0x00006840                __sseek
 .text.__sclose
                0x00006864        0x8 c:/siliconlabs/simplicitystudio/v5/developer/toolchains/gnu_arm/12.2.rel1_2023.7/bin/../lib/gcc/arm-none-eabi/12.2.1/thumb/v8-m.main+fp/hard\libc_nano.a(libc_a-stdio.o)
                0x00006864                __sclose
 .text.memset   0x0000686c       0x10 c:/siliconlabs/simplicitystudio/v5/developer/toolchains/gnu_arm/12.2.rel1_2023.7/bin/../lib/gcc/arm-none-eabi/12.2.1/thumb/v8-m.main+fp/hard\libc_nano.a(libc_a-memset.o)
                0x0000686c                memset
 .text.__retarget_lock_init_recursive
                0x0000687c        0x2 c:/siliconlabs/simplicitystudio/v5/developer/toolchains/gnu_arm/12.2.rel1_2023.7/bin/../lib/gcc/arm-none-eabi/12.2.1/thumb/v8-m.main+fp/hard\libc_nano.a(libc_a-lock.o)
                0x0000687c                __retarget_lock_init_recursive
 .text.__retarget_lock_acquire_recursive
                0x0000687e        0x2 c:/siliconlabs/simplicitystudio/v5/developer/toolchains/gnu_arm/12.2.rel1_2023.7/bin/../lib/gcc/arm-none-eabi/12.2.1/thumb/v8-m.main+fp/hard\libc_nano.a(libc_a-lock.o)
                0x0000687e                __retarget_lock_acquire_recursive
 .text.__retarget_lock_release_recursive
                0x00006880        0x2 c:/siliconlabs/simplicitystudio/v5/developer/toolchains/gnu_arm/12.2.rel1_2023.7/bin/../lib/gcc/arm-none-eabi/12.2.1/thumb/v8-m.main+fp/hard\libc_nano.a(libc_a-lock.o)
                0x00006880                __retarget_lock_release_recursive
 .text.memchr   0x00006882       0x1c c:/siliconlabs/simplicitystudio/v5/developer/toolchains/gnu_arm/12.2.rel1_2023.7/bin/../lib/gcc/arm-none-eabi/12.2.1/thumb/v8-m.main+fp/hard\libc_nano.a(libc_a-memchr-stub.o)
                0x00006882                memchr
 .text.memcpy   0x0000689e       0x1a c:/siliconlabs/simplicitystudio/v5/developer/toolchains/gnu_arm/12.2.rel1_2023.7/bin/../lib/gcc/arm-none-eabi/12.2.1/thumb/v8-m.main+fp/hard\libc_nano.a(libc_a-memcpy-stub.o)
                0x0000689e                memcpy
 .text          0x000068b8       0x10 c:/siliconlabs/simplicitystudio/v5/developer/toolchains/gnu_arm/12.2.rel1_2023.7/bin/../lib/gcc/arm-none-eabi/12.2.1/thumb/v8-m.main+fp/hard\libc_nano.a(libc_a-strlen.o)
                0x000068b8                strlen
 .text.quorem   0x000068c8      0x11a c:/siliconlabs/simplicitystudio/v5/developer/toolchains/gnu_arm/12.2.rel1_2023.7/bin/../lib/gcc/arm-none-eabi/12.2.1/thumb/v8-m.main+fp/hard\libc_nano.a(libc_a-dtoa.o)
 .text.__hi0bits
                0x000069e2       0x44 c:/siliconlabs/simplicitystudio/v5/developer/toolchains/gnu_arm/12.2.rel1_2023.7/bin/../lib/gcc/arm-none-eabi/12.2.1/thumb/v8-m.main+fp/hard\libc_nano.a(libc_a-mprec.o)
                0x000069e2                __hi0bits
 .text.__lo0bits
                0x00006a26       0x5a c:/siliconlabs/simplicitystudio/v5/developer/toolchains/gnu_arm/12.2.rel1_2023.7/bin/../lib/gcc/arm-none-eabi/12.2.1/thumb/v8-m.main+fp/hard\libc_nano.a(libc_a-mprec.o)
                0x00006a26                __lo0bits
 .text.__mcmp   0x00006a80       0x36 c:/siliconlabs/simplicitystudio/v5/developer/toolchains/gnu_arm/12.2.rel1_2023.7/bin/../lib/gcc/arm-none-eabi/12.2.1/thumb/v8-m.main+fp/hard\libc_nano.a(libc_a-mprec.o)
                0x00006a80                __mcmp
 .text.__sfputc_r
                0x00006ab6       0x2e c:/siliconlabs/simplicitystudio/v5/developer/toolchains/gnu_arm/12.2.rel1_2023.7/bin/../lib/gcc/arm-none-eabi/12.2.1/thumb/v8-m.main+fp/hard\libc_nano.a(libc_a-nano-vfprintf.o)
 .text.__sfputs_r
                0x00006ae4       0x24 c:/siliconlabs/simplicitystudio/v5/developer/toolchains/gnu_arm/12.2.rel1_2023.7/bin/../lib/gcc/arm-none-eabi/12.2.1/thumb/v8-m.main+fp/hard\libc_nano.a(libc_a-nano-vfprintf.o)
                0x00006ae4                __sfputs_r
 .text.__sflush_r
                0x00006b08      0x106 c:/siliconlabs/simplicitystudio/v5/developer/toolchains/gnu_arm/12.2.rel1_2023.7/bin/../lib/gcc/arm-none-eabi/12.2.1/thumb/v8-m.main+fp/hard\libc_nano.a(libc_a-fflush.o)
                0x00006b08                __sflush_r
 .text._fflush_r
                0x00006c0e       0x50 c:/siliconlabs/simplicitystudio/v5/developer/toolchains/gnu_arm/12.2.rel1_2023.7/bin/../lib/gcc/arm-none-eabi/12.2.1/thumb/v8-m.main+fp/hard\libc_nano.a(libc_a-fflush.o)
                0x00006c0e                _fflush_r
 .text.__swhatbuf_r
                0x00006c5e       0x4a c:/siliconlabs/simplicitystudio/v5/developer/toolchains/gnu_arm/12.2.rel1_2023.7/bin/../lib/gcc/arm-none-eabi/12.2.1/thumb/v8-m.main+fp/hard\libc_nano.a(libc_a-makebuf.o)
                0x00006c5e                __swhatbuf_r
 .text.__smakebuf_r
                0x00006ca8       0x78 c:/siliconlabs/simplicitystudio/v5/developer/toolchains/gnu_arm/12.2.rel1_2023.7/bin/../lib/gcc/arm-none-eabi/12.2.1/thumb/v8-m.main+fp/hard\libc_nano.a(libc_a-makebuf.o)
                0x00006ca8                __smakebuf_r
 .text.__swbuf_r
                0x00006d20       0x7c c:/siliconlabs/simplicitystudio/v5/developer/toolchains/gnu_arm/12.2.rel1_2023.7/bin/../lib/gcc/arm-none-eabi/12.2.1/thumb/v8-m.main+fp/hard\libc_nano.a(libc_a-wbuf.o)
                0x00006d20                __swbuf_r
 .text._calloc_r
                0x00006d9c       0x28 c:/siliconlabs/simplicitystudio/v5/developer/toolchains/gnu_arm/12.2.rel1_2023.7/bin/../lib/gcc/arm-none-eabi/12.2.1/thumb/v8-m.main+fp/hard\libc_nano.a(libc_a-callocr.o)
                0x00006d9c                _calloc_r
 .text.__ascii_mbtowc
                0x00006dc4       0x24 c:/siliconlabs/simplicitystudio/v5/developer/toolchains/gnu_arm/12.2.rel1_2023.7/bin/../lib/gcc/arm-none-eabi/12.2.1/thumb/v8-m.main+fp/hard\libc_nano.a(libc_a-mbtowc_r.o)
                0x00006dc4                __ascii_mbtowc
 .text.__ascii_wctomb
                0x00006de8       0x1a c:/siliconlabs/simplicitystudio/v5/developer/toolchains/gnu_arm/12.2.rel1_2023.7/bin/../lib/gcc/arm-none-eabi/12.2.1/thumb/v8-m.main+fp/hard\libc_nano.a(libc_a-wctomb_r.o)
                0x00006de8                __ascii_wctomb
 .text.abort    0x00006e02        0xe c:/siliconlabs/simplicitystudio/v5/developer/toolchains/gnu_arm/12.2.rel1_2023.7/bin/../lib/gcc/arm-none-eabi/12.2.1/thumb/v8-m.main+fp/hard\libc_nano.a(libc_a-abort.o)
                0x00006e02                abort
 .text._raise_r
                0x00006e10       0x50 c:/siliconlabs/simplicitystudio/v5/developer/toolchains/gnu_arm/12.2.rel1_2023.7/bin/../lib/gcc/arm-none-eabi/12.2.1/thumb/v8-m.main+fp/hard\libc_nano.a(libc_a-signal.o)
                0x00006e10                _raise_r
 .text._getpid_r
                0x00006e60        0x4 c:/siliconlabs/simplicitystudio/v5/developer/toolchains/gnu_arm/12.2.rel1_2023.7/bin/../lib/gcc/arm-none-eabi/12.2.1/thumb/v8-m.main+fp/hard\libc_nano.a(libc_a-signalr.o)
                0x00006e60                _getpid_r
                0x00006e80                . = ALIGN (0x20)
 *fill*         0x00006e64       0x1c 
                0x00006e80                linker_code_end = .
 *(.init)
 .init          0x00006e80        0x4 c:/siliconlabs/simplicitystudio/v5/developer/toolchains/gnu_arm/12.2.rel1_2023.7/bin/../lib/gcc/arm-none-eabi/12.2.1/thumb/v8-m.main+fp/hard/crti.o
                0x00006e80                _init
 .init          0x00006e84        0x8 c:/siliconlabs/simplicitystudio/v5/developer/toolchains/gnu_arm/12.2.rel1_2023.7/bin/../lib/gcc/arm-none-eabi/12.2.1/thumb/v8-m.main+fp/hard/crtn.o
 *(.fini)
 .fini          0x00006e8c        0x4 c:/siliconlabs/simplicitystudio/v5/developer/toolchains/gnu_arm/12.2.rel1_2023.7/bin/../lib/gcc/arm-none-eabi/12.2.1/thumb/v8-m.main+fp/hard/crti.o
                0x00006e8c                _fini
 .fini          0x00006e90        0x8 c:/siliconlabs/simplicitystudio/v5/developer/toolchains/gnu_arm/12.2.rel1_2023.7/bin/../lib/gcc/arm-none-eabi/12.2.1/thumb/v8-m.main+fp/hard/crtn.o
 *crtbegin.o(.ctors)
 *crtbegin?.o(.ctors)
 *(EXCLUDE_FILE(*crtend.o *crtend?.o) .ctors)
 *(SORT_BY_NAME(.ctors.*))
 *(.ctors)
 *crtbegin.o(.dtors)
 *crtbegin?.o(.dtors)
 *(EXCLUDE_FILE(*crtend.o *crtend?.o) .dtors)
 *(SORT_BY_NAME(.dtors.*))
 *(.dtors)
                0x00006e98                __code_classification_validator_start__ = .
                0x00006eb8                . = (. + 0x20)
 *fill*         0x00006e98       0x20 
 *(code_classification_validator)
                0x00006ec0                . = ALIGN (0x20)
 *fill*         0x00006eb8        0x8 
                0x00006ec0                __code_classification_validator_end__ = .
 *(.rodata*)
 .rodata.app_init_once.str1.1
                0x00006ec0       0x4b ./control.o
 .rodata.app_main_loop_step.str1.1
                0x00006f0b       0x2f ./control.o
 .rodata.sl_iostream_eusart_init_vcom.str1.1
                0x00006f3a       0x2f ./autogen/sl_iostream_init_eusart_instances.o
 *fill*         0x00006f69        0x3 
 .rodata        0x00006f6c       0x20 ./autogen/sl_iostream_init_eusart_instances.o
 .rodata        0x00006f8c        0x4 ./gecko_sdk_4.4.4/platform/emdrv/dmadrv/src/dmadrv.o
 .rodata.HFRCODPLLDevinfoGet.str1.1
                0x00006f90       0x4c ./gecko_sdk_4.4.4/platform/emlib/src/em_cmu.o
 .rodata.EMU_VScaleEM01.str1.1
                0x00006fdc       0x4c ./gecko_sdk_4.4.4/platform/emlib/src/em_emu.o
 .rodata.EUSART_Enable.str1.1
                0x00007028       0x4f ./gecko_sdk_4.4.4/platform/emlib/src/em_eusart.o
 .rodata.BUS_RegBitWrite.str1.1
                0x00007077       0x4c ./gecko_sdk_4.4.4/platform/emlib/src/em_gpio.o
 .rodata.GPIO_PinOutSet.str1.1
                0x000070c3       0x4d ./gecko_sdk_4.4.4/platform/emlib/src/em_gpio.o
 .rodata.GPIO_ExtIntConfig.str1.1
                0x00007110       0x4d ./gecko_sdk_4.4.4/platform/emlib/src/em_gpio.o
 *fill*         0x0000715d        0x1 
 .rodata.CSWTCH.31
                0x0000715e        0x8 ./gecko_sdk_4.4.4/platform/emlib/src/em_gpio.o
 .rodata.LDMA_EnableChannelRequest.str1.1
                0x00007166       0x4d ./gecko_sdk_4.4.4/platform/emlib/src/em_ldma.o
                                 0x99 (size before relaxing)
 .rodata.RTCC_ChannelInit.str1.1
                0x000071b3       0x4d ./gecko_sdk_4.4.4/platform/emlib/src/em_rtcc.o
 .rodata        0x00007200        0x8 ./gecko_sdk_4.4.4/platform/service/device_init/src/sl_device_init_dcdc_s2.o
 .rodata        0x00007208       0x28 ./gecko_sdk_4.4.4/platform/service/device_init/src/sl_device_init_hfxo_s2.o
 .rodata        0x00007230       0x14 ./gecko_sdk_4.4.4/platform/service/device_init/src/sl_device_init_lfxo_s2.o
 .rodata._write.str1.1
                0x00007244       0x6b ./gecko_sdk_4.4.4/platform/service/iostream/src/sl_iostream_retarget_stdio.o
 .rodata.get_write_ptr.str1.1
                0x000072af       0x61 ./gecko_sdk_4.4.4/platform/service/iostream/src/sl_iostream_uart.o
 .rodata.process_timer_irq.str1.1
                0x00007310       0x60 ./gecko_sdk_4.4.4/platform/service/sleeptimer/src/sl_sleeptimer.o
 .rodata        0x00007370        0xb ./gecko_sdk_4.4.4/platform/service/sleeptimer/src/sl_sleeptimer_hal_rtcc.o
 .rodata._ctype_
                0x0000737b      0x101 c:/siliconlabs/simplicitystudio/v5/developer/toolchains/gnu_arm/12.2.rel1_2023.7/bin/../lib/gcc/arm-none-eabi/12.2.1/thumb/v8-m.main+fp/hard\libc_nano.a(libc_a-ctype_.o)
                0x0000737b                _ctype_
 .rodata._printf_float.str1.1
                0x0000747c       0x12 c:/siliconlabs/simplicitystudio/v5/developer/toolchains/gnu_arm/12.2.rel1_2023.7/bin/../lib/gcc/arm-none-eabi/12.2.1/thumb/v8-m.main+fp/hard\libc_nano.a(libc_a-nano-vfprintf_float.o)
 .rodata._printf_i.str1.1
                0x0000748e       0x22 c:/siliconlabs/simplicitystudio/v5/developer/toolchains/gnu_arm/12.2.rel1_2023.7/bin/../lib/gcc/arm-none-eabi/12.2.1/thumb/v8-m.main+fp/hard\libc_nano.a(libc_a-nano-vfprintf_i.o)
 .rodata._dtoa_r.str1.1
                0x000074b0       0x8e c:/siliconlabs/simplicitystudio/v5/developer/toolchains/gnu_arm/12.2.rel1_2023.7/bin/../lib/gcc/arm-none-eabi/12.2.1/thumb/v8-m.main+fp/hard\libc_nano.a(libc_a-dtoa.o)
                                 0x90 (size before relaxing)
 .rodata._Balloc.str1.1
                0x0000753e       0x5a c:/siliconlabs/simplicitystudio/v5/developer/toolchains/gnu_arm/12.2.rel1_2023.7/bin/../lib/gcc/arm-none-eabi/12.2.1/thumb/v8-m.main+fp/hard\libc_nano.a(libc_a-mprec.o)
                                 0x71 (size before relaxing)
 .rodata.__multadd.str1.1
                0x00007598       0x11 c:/siliconlabs/simplicitystudio/v5/developer/toolchains/gnu_arm/12.2.rel1_2023.7/bin/../lib/gcc/arm-none-eabi/12.2.1/thumb/v8-m.main+fp/hard\libc_nano.a(libc_a-mprec.o)
 .rodata.p05.0  0x00007598        0xc c:/siliconlabs/simplicitystudio/v5/developer/toolchains/gnu_arm/12.2.rel1_2023.7/bin/../lib/gcc/arm-none-eabi/12.2.1/thumb/v8-m.main+fp/hard\libc_nano.a(libc_a-mprec.o)
 *fill*         0x000075a4        0x4 
 .rodata.__mprec_bigtens
                0x000075a8       0x28 c:/siliconlabs/simplicitystudio/v5/developer/toolchains/gnu_arm/12.2.rel1_2023.7/bin/../lib/gcc/arm-none-eabi/12.2.1/thumb/v8-m.main+fp/hard\libc_nano.a(libc_a-mprec.o)
                0x000075a8                __mprec_bigtens
 .rodata.__mprec_tens
                0x000075d0       0xc8 c:/siliconlabs/simplicitystudio/v5/developer/toolchains/gnu_arm/12.2.rel1_2023.7/bin/../lib/gcc/arm-none-eabi/12.2.1/thumb/v8-m.main+fp/hard\libc_nano.a(libc_a-mprec.o)
                0x000075d0                __mprec_tens
 .rodata._vfprintf_r.str1.1
                0x00007698       0x11 c:/siliconlabs/simplicitystudio/v5/developer/toolchains/gnu_arm/12.2.rel1_2023.7/bin/../lib/gcc/arm-none-eabi/12.2.1/thumb/v8-m.main+fp/hard\libc_nano.a(libc_a-nano-vfprintf.o)
 .rodata._setlocale_r.str1.1
                0x000076a9        0x8 c:/siliconlabs/simplicitystudio/v5/developer/toolchains/gnu_arm/12.2.rel1_2023.7/bin/../lib/gcc/arm-none-eabi/12.2.1/thumb/v8-m.main+fp/hard\libc_nano.a(libc_a-locale.o)
                                  0x9 (size before relaxing)
 .rodata.str1.1
                0x000076b1        0x2 c:/siliconlabs/simplicitystudio/v5/developer/toolchains/gnu_arm/12.2.rel1_2023.7/bin/../lib/gcc/arm-none-eabi/12.2.1/thumb/v8-m.main+fp/hard\libc_nano.a(libc_a-locale.o)
 .rodata.__assert_func.str1.1
                0x000076b3       0x3c c:/siliconlabs/simplicitystudio/v5/developer/toolchains/gnu_arm/12.2.rel1_2023.7/bin/../lib/gcc/arm-none-eabi/12.2.1/thumb/v8-m.main+fp/hard\libc_nano.a(libc_a-assert.o)
                                 0x3d (size before relaxing)
 *(.eh_frame*)
 *fill*         0x000076ef        0x1 
 .eh_frame      0x000076f0        0x0 c:/siliconlabs/simplicitystudio/v5/developer/toolchains/gnu_arm/12.2.rel1_2023.7/bin/../lib/gcc/arm-none-eabi/12.2.1/thumb/v8-m.main+fp/hard/crtbegin.o

.glue_7         0x000076f0        0x0
 .glue_7        0x000076f0        0x0 linker stubs

.glue_7t        0x000076f0        0x0
 .glue_7t       0x000076f0        0x0 linker stubs

.vfp11_veneer   0x000076f0        0x0
 .vfp11_veneer  0x000076f0        0x0 linker stubs

.v4_bx          0x000076f0        0x0
 .v4_bx         0x000076f0        0x0 linker stubs

.iplt           0x000076f0        0x0
 .iplt          0x000076f0        0x0 c:/siliconlabs/simplicitystudio/v5/developer/toolchains/gnu_arm/12.2.rel1_2023.7/bin/../lib/gcc/arm-none-eabi/12.2.1/thumb/v8-m.main+fp/hard/crtbegin.o

.ARM.extab
 *(.ARM.extab* .gnu.linkonce.armextab.*)
                0x000076f0                __exidx_start = .

.ARM.exidx      0x000076f0        0x8
 *(.ARM.exidx* .gnu.linkonce.armexidx.*)
 .ARM.exidx     0x000076f0        0x8 c:/siliconlabs/simplicitystudio/v5/developer/toolchains/gnu_arm/12.2.rel1_2023.7/bin/../lib/gcc/arm-none-eabi/12.2.1/thumb/v8-m.main+fp/hard/crt0.o
                                 0x10 (size before relaxing)
 .ARM.exidx.text.__udivmoddi4
                0x000076f8        0x0 c:/siliconlabs/simplicitystudio/v5/developer/toolchains/gnu_arm/12.2.rel1_2023.7/bin/../lib/gcc/arm-none-eabi/12.2.1/thumb/v8-m.main+fp/hard\libgcc.a(_udivmoddi4.o)
                                  0x8 (size before relaxing)
                0x000076f8                __exidx_end = .

.rel.dyn        0x000076f8        0x0
 .rel.iplt      0x000076f8        0x0 c:/siliconlabs/simplicitystudio/v5/developer/toolchains/gnu_arm/12.2.rel1_2023.7/bin/../lib/gcc/arm-none-eabi/12.2.1/thumb/v8-m.main+fp/hard/crtbegin.o

.copy.table     0x000076f8        0xc
                0x000076f8                . = ALIGN (0x4)
                0x000076f8                __copy_table_start__ = .
                0x000076f8        0x4 LONG 0x7704 __etext
                0x000076fc        0x4 LONG 0x20001000 __data_start__
                0x00007700        0x4 LONG 0x7b ((__data_end__ - __data_start__) / 0x4)
                0x00007704                __copy_table_end__ = .

.zero.table     0x00007704        0x0
                0x00007704                . = ALIGN (0x4)
                0x00007704                __zero_table_start__ = .
                0x00007704                __zero_table_end__ = .
                0x00007704                __etext = .
                0x20000000                . = ORIGIN (RAM)

.stack          0x20000000     0x1000
                0x20000000                __StackLimit = .
 *(.stack*)
 .stack         0x20000000     0x1000 ./gecko_sdk_4.4.4/platform/common/toolchain/src/sl_memory.o
                0x20001000                . = ALIGN (0x4)
                0x20001000                __StackTop = .
                0x20001000                PROVIDE (__stack = __StackTop)

.noinit
 *(.noinit*)

.data           0x20001000      0x1ec load address 0x00007704
                0x20001000                . = ALIGN (0x4)
                0x20001000                __data_start__ = .
 *(vtable)
 *(SORT_BY_ALIGNMENT(.data*))
 .data.SystemCoreClock
                0x20001000        0x4 ./gecko_sdk_4.4.4/platform/Device/SiliconLabs/BGM22/Source/system_bgm22.o
                0x20001000                SystemCoreClock
 .data.SystemHFRCODPLLClock
                0x20001004        0x4 ./gecko_sdk_4.4.4/platform/Device/SiliconLabs/BGM22/Source/system_bgm22.o
 .data.SystemLFXOClock
                0x20001008        0x4 ./gecko_sdk_4.4.4/platform/Device/SiliconLabs/BGM22/Source/system_bgm22.o
 .data.SystemHFXOClock
                0x2000100c        0x4 ./gecko_sdk_4.4.4/platform/Device/SiliconLabs/BGM22/Source/system_bgm22.o
 .data.heap_end.0
                0x20001010        0x4 ./gecko_sdk_4.4.4/platform/common/toolchain/src/sl_memory.o
 .data.__sglue  0x20001014        0xc c:/siliconlabs/simplicitystudio/v5/developer/toolchains/gnu_arm/12.2.rel1_2023.7/bin/../lib/gcc/arm-none-eabi/12.2.1/thumb/v8-m.main+fp/hard\libc_nano.a(libc_a-findfp.o)
                0x20001014                __sglue
 .data._impure_ptr
                0x20001020        0x4 c:/siliconlabs/simplicitystudio/v5/developer/toolchains/gnu_arm/12.2.rel1_2023.7/bin/../lib/gcc/arm-none-eabi/12.2.1/thumb/v8-m.main+fp/hard\libc_nano.a(libc_a-impure.o)
                0x20001020                _impure_ptr
 .data._impure_data
                0x20001024       0x4c c:/siliconlabs/simplicitystudio/v5/developer/toolchains/gnu_arm/12.2.rel1_2023.7/bin/../lib/gcc/arm-none-eabi/12.2.1/thumb/v8-m.main+fp/hard\libc_nano.a(libc_a-impure.o)
                0x20001024                _impure_data
 .data.__global_locale
                0x20001070      0x16c c:/siliconlabs/simplicitystudio/v5/developer/toolchains/gnu_arm/12.2.rel1_2023.7/bin/../lib/gcc/arm-none-eabi/12.2.1/thumb/v8-m.main+fp/hard\libc_nano.a(libc_a-locale.o)
                0x20001070                __global_locale
 .data.hfxo_precision
                0x200011dc        0x2 ./gecko_sdk_4.4.4/platform/emlib/src/em_cmu.o
 .data.lfxo_precision
                0x200011de        0x2 ./gecko_sdk_4.4.4/platform/emlib/src/em_cmu.o
 .data.level_mask
                0x200011e0        0x1 ./gecko_sdk_4.4.4/app/common/util/app_log/app_log.o
 .data.level_filter_threshold
                0x200011e1        0x1 ./gecko_sdk_4.4.4/app/common/util/app_log/app_log.o
 .data.level_filter_enabled
                0x200011e2        0x1 ./gecko_sdk_4.4.4/app/common/util/app_log/app_log.o
 .data.cc_disabled
                0x200011e3        0x1 ./gecko_sdk_4.4.4/platform/service/sleeptimer/src/sl_sleeptimer_hal_rtcc.o
                0x200011e4                . = ALIGN (0x4)
                [!provide]                PROVIDE (__ram_func_section_start = .)
 *(.ram)
                [!provide]                PROVIDE (__ram_func_section_end = .)
                0x200011e4                . = ALIGN (0x4)
                0x200011e4                PROVIDE (__preinit_array_start = .)
 *(.preinit_array)
                0x200011e4                PROVIDE (__preinit_array_end = .)
                0x200011e4                . = ALIGN (0x4)
                0x200011e4                PROVIDE (__init_array_start = .)
 *(SORT_BY_NAME(.init_array.*))
 *(.init_array)
 .init_array    0x200011e4        0x4 c:/siliconlabs/simplicitystudio/v5/developer/toolchains/gnu_arm/12.2.rel1_2023.7/bin/../lib/gcc/arm-none-eabi/12.2.1/thumb/v8-m.main+fp/hard/crtbegin.o
                0x200011e8                PROVIDE (__init_array_end = .)
                0x200011e8                . = ALIGN (0x4)
                [!provide]                PROVIDE (__fini_array_start = .)
 *(SORT_BY_NAME(.fini_array.*))
 *(.fini_array)
 .fini_array    0x200011e8        0x4 c:/siliconlabs/simplicitystudio/v5/developer/toolchains/gnu_arm/12.2.rel1_2023.7/bin/../lib/gcc/arm-none-eabi/12.2.1/thumb/v8-m.main+fp/hard/crtbegin.o
                [!provide]                PROVIDE (__fini_array_end = .)
                0x200011ec                . = ALIGN (0x4)
                0x200011ec                __data_end__ = .

.tm_clone_table
                0x200011ec        0x0 load address 0x000078f0
 .tm_clone_table
                0x200011ec        0x0 c:/siliconlabs/simplicitystudio/v5/developer/toolchains/gnu_arm/12.2.rel1_2023.7/bin/../lib/gcc/arm-none-eabi/12.2.1/thumb/v8-m.main+fp/hard/crtbegin.o
 .tm_clone_table
                0x200011ec        0x0 c:/siliconlabs/simplicitystudio/v5/developer/toolchains/gnu_arm/12.2.rel1_2023.7/bin/../lib/gcc/arm-none-eabi/12.2.1/thumb/v8-m.main+fp/hard/crtend.o

.igot.plt       0x200011ec        0x0 load address 0x000078f0
 .igot.plt      0x200011ec        0x0 c:/siliconlabs/simplicitystudio/v5/developer/toolchains/gnu_arm/12.2.rel1_2023.7/bin/../lib/gcc/arm-none-eabi/12.2.1/thumb/v8-m.main+fp/hard/crtbegin.o

.bss            0x200011ec      0x3bc load address 0x000078f0
                0x200011ec                . = ALIGN (0x4)
                0x200011ec                __bss_start__ = .
 *(SORT_BY_ALIGNMENT(.bss*))
 .bss.object.0  0x200011ec       0x18 c:/siliconlabs/simplicitystudio/v5/developer/toolchains/gnu_arm/12.2.rel1_2023.7/bin/../lib/gcc/arm-none-eabi/12.2.1/thumb/v8-m.main+fp/hard/crtbegin.o
 .bss.s_last_sample_count
                0x20001204        0x4 ./control.o
 .bss.s_last_sample_ticks
                0x20001208        0x4 ./control.o
 .bss.s_pwm_epoch_ticks
                0x2000120c        0x4 ./control.o
 .bss.s_pwm_high_ticks
                0x20001210        0x4 ./control.o
 .bss.s_pwm_period_ticks
                0x20001214        0x4 ./control.o
 .bss.s_flow_pulse_count
                0x20001218        0x4 ./control.o
 .bss.context_vcom
                0x2000121c       0x64 ./autogen/sl_iostream_init_eusart_instances.o
 .bss.sl_iostream_vcom
                0x20001280       0x18 ./autogen/sl_iostream_init_eusart_instances.o
 .bss.app_log_iostream
                0x20001298        0x4 ./gecko_sdk_4.4.4/app/common/util/app_log/app_log.o
                0x20001298                app_log_iostream
 .bss.dmaXfer   0x2000129c      0x100 ./gecko_sdk_4.4.4/platform/emdrv/dmadrv/src/dmadrv.o
 .bss.chTable   0x2000139c       0x80 ./gecko_sdk_4.4.4/platform/emdrv/dmadrv/src/dmadrv.o
 .bss.sli_iostream_default
                0x2000141c        0x4 ./gecko_sdk_4.4.4/platform/service/iostream/src/sl_iostream.o
 .bss.max_millisecond_conversion
                0x20001420        0x4 ./gecko_sdk_4.4.4/platform/service/sleeptimer/src/sl_sleeptimer.o
 .bss.last_delta_update_count
                0x20001424        0x4 ./gecko_sdk_4.4.4/platform/service/sleeptimer/src/sl_sleeptimer.o
 .bss.timer_head
                0x20001428        0x4 ./gecko_sdk_4.4.4/platform/service/sleeptimer/src/sl_sleeptimer.o
 .bss.timer_frequency
                0x2000142c        0x4 ./gecko_sdk_4.4.4/platform/service/sleeptimer/src/sl_sleeptimer.o
 .bss.__sf      0x20001430      0x138 c:/siliconlabs/simplicitystudio/v5/developer/toolchains/gnu_arm/12.2.rel1_2023.7/bin/../lib/gcc/arm-none-eabi/12.2.1/thumb/v8-m.main+fp/hard\libc_nano.a(libc_a-findfp.o)
                0x20001430                __sf
 .bss.__stdio_exit_handler
                0x20001568        0x4 c:/siliconlabs/simplicitystudio/v5/developer/toolchains/gnu_arm/12.2.rel1_2023.7/bin/../lib/gcc/arm-none-eabi/12.2.1/thumb/v8-m.main+fp/hard\libc_nano.a(libc_a-findfp.o)
                0x20001568                __stdio_exit_handler
 .bss.errno     0x2000156c        0x4 c:/siliconlabs/simplicitystudio/v5/developer/toolchains/gnu_arm/12.2.rel1_2023.7/bin/../lib/gcc/arm-none-eabi/12.2.1/thumb/v8-m.main+fp/hard\libc_nano.a(libc_a-reent.o)
                0x2000156c                errno
 .bss.__malloc_sbrk_start
                0x20001570        0x4 c:/siliconlabs/simplicitystudio/v5/developer/toolchains/gnu_arm/12.2.rel1_2023.7/bin/../lib/gcc/arm-none-eabi/12.2.1/thumb/v8-m.main+fp/hard\libc_nano.a(libc_a-mallocr.o)
                0x20001570                __malloc_sbrk_start
 .bss.__malloc_free_list
                0x20001574        0x4 c:/siliconlabs/simplicitystudio/v5/developer/toolchains/gnu_arm/12.2.rel1_2023.7/bin/../lib/gcc/arm-none-eabi/12.2.1/thumb/v8-m.main+fp/hard\libc_nano.a(libc_a-mallocr.o)
                0x20001574                __malloc_free_list
 .bss.overflow_counter
                0x20001578        0x2 ./gecko_sdk_4.4.4/platform/service/sleeptimer/src/sl_sleeptimer.o
 .bss.completed.1
                0x2000157a        0x1 c:/siliconlabs/simplicitystudio/v5/developer/toolchains/gnu_arm/12.2.rel1_2023.7/bin/../lib/gcc/arm-none-eabi/12.2.1/thumb/v8-m.main+fp/hard/crtbegin.o
 .bss.s_inited  0x2000157b        0x1 ./control.o
 .bss.rx_buffer_vcom
                0x2000157c       0x20 ./autogen/sl_iostream_init_eusart_instances.o
 .bss.level_mask_enabled
                0x2000159c        0x1 ./gecko_sdk_4.4.4/app/common/util/app_log/app_log.o
 .bss.initialized
                0x2000159d        0x1 ./gecko_sdk_4.4.4/platform/emdrv/dmadrv/src/dmadrv.o
 .bss.ctuneDelta
                0x2000159e        0x1 ./gecko_sdk_4.4.4/platform/emlib/src/em_cmu.o
 .bss.vScaleEM01Config
                0x2000159f        0x1 ./gecko_sdk_4.4.4/platform/emlib/src/em_emu.o
 .bss.sleep_on_isr_exit
                0x200015a0        0x1 ./gecko_sdk_4.4.4/platform/service/sleeptimer/src/sl_sleeptimer.o
 .bss.next_timer_to_expire_is_power_manager
                0x200015a1        0x1 ./gecko_sdk_4.4.4/platform/service/sleeptimer/src/sl_sleeptimer.o
 .bss.is_sleeptimer_initialized
                0x200015a2        0x1 ./gecko_sdk_4.4.4/platform/service/sleeptimer/src/sl_sleeptimer.o
 .bss.__lock___malloc_recursive_mutex
                0x200015a3        0x1 c:/siliconlabs/simplicitystudio/v5/developer/toolchains/gnu_arm/12.2.rel1_2023.7/bin/../lib/gcc/arm-none-eabi/12.2.1/thumb/v8-m.main+fp/hard\libc_nano.a(libc_a-lock.o)
                0x200015a3                __lock___malloc_recursive_mutex
 .bss.__lock___sfp_recursive_mutex
                0x200015a4        0x1 c:/siliconlabs/simplicitystudio/v5/developer/toolchains/gnu_arm/12.2.rel1_2023.7/bin/../lib/gcc/arm-none-eabi/12.2.1/thumb/v8-m.main+fp/hard\libc_nano.a(libc_a-lock.o)
                0x200015a4                __lock___sfp_recursive_mutex
 *(COMMON)
                0x200015a8                . = ALIGN (0x4)
 *fill*         0x200015a5        0x3 
                0x200015a8                __bss_end__ = .
                0x200015a8                __ramfuncs_start__ = .
                0x200015a8                __vma_ramfuncs_start__ = .
                0x000078f0                __lma_ramfuncs_start__ = (__etext + SIZEOF (.data))
                0x00000000                __text_application_ram_offset__ = (. - __vma_ramfuncs_start__)

text_application_ram
                0x200015a8        0x0 load address 0x000078f0
                0x200015a8                . = ALIGN (0x4)
                0x200015a8                __text_application_ram_start__ = .
 *(text_application_ram)
                0x200015a8                . = ALIGN (0x4)
                0x200015a8                __text_application_ram_end__ = .
                0x200015a8                . = ALIGN (0x4)
                0x200015a8                __vma_ramfuncs_end__ = .
                0x000078f0                __lma_ramfuncs_end__ = ((__lma_ramfuncs_start__ + __text_application_ram_offset__) + SIZEOF (text_application_ram))
                0x200015a8                __ramfuncs_end__ = .

.heap           0x200015a8      0x800
                0x200015a8                __HeapBase = .
                0x200015a8                __end__ = .
                0x200015a8                end = __end__
                0x200015a8                _end = __end__
 *(.heap*)
 .heap          0x200015a8      0x800 ./gecko_sdk_4.4.4/platform/common/toolchain/src/sl_memory.o
                0x20008000                __HeapLimit = (ORIGIN (RAM) + LENGTH (RAM))
                0x00006a58                __heap_size = (__HeapLimit - __HeapBase)
                0x20008000                __ram_end__ = 0x20008000
                0x0007e000                __main_flash_end__ = 0x7e000

.internal_storage
 *(.internal_storage*)

.nvm
 *(.simee*)
                0x0007e000                linker_nvm_end = __main_flash_end__
                0x0007e000                linker_nvm_begin = (linker_nvm_end - SIZEOF (.nvm))
                0x00000000                linker_nvm_size = SIZEOF (.nvm)
                0x0007e000                linker_storage_end = linker_nvm_begin
                0x0007e000                __nvm3Base = linker_nvm_begin
                0x0007e000                linker_storage_begin = (linker_storage_end - SIZEOF (.internal_storage))
                0x00000000                linker_storage_size = SIZEOF (.internal_storage)
                0x00000001                ASSERT ((linker_storage_begin >= (__etext + SIZEOF (.data))), FLASH memory overflowed !)
OUTPUT(hydro_proj.axf elf32-littlearm)
LOAD linker stubs

.ARM.attributes
                0x00000000       0x36
 .ARM.attributes
                0x00000000       0x26 c:/siliconlabs/simplicitystudio/v5/developer/toolchains/gnu_arm/12.2.rel1_2023.7/bin/../lib/gcc/arm-none-eabi/12.2.1/thumb/v8-m.main+fp/hard/crti.o
 .ARM.attributes
                0x00000026       0x38 c:/siliconlabs/simplicitystudio/v5/developer/toolchains/gnu_arm/12.2.rel1_2023.7/bin/../lib/gcc/arm-none-eabi/12.2.1/thumb/v8-m.main+fp/hard/crtbegin.o
 .ARM.attributes
                0x0000005e       0x24 c:/siliconlabs/simplicitystudio/v5/developer/toolchains/gnu_arm/12.2.rel1_2023.7/bin/../lib/gcc/arm-none-eabi/12.2.1/thumb/v8-m.main+fp/hard/crt0.o
 .ARM.attributes
                0x00000082       0x3a ./app.o
 .ARM.attributes
                0x000000bc       0x3a ./control.o
 .ARM.attributes
                0x000000f6       0x3a ./main.o
 .ARM.attributes
                0x00000130       0x3a ./autogen/sl_board_default_init.o
 .ARM.attributes
                0x0000016a       0x3a ./autogen/sl_device_init_clocks.o
 .ARM.attributes
                0x000001a4       0x3a ./autogen/sl_event_handler.o
 .ARM.attributes
                0x000001de       0x3a ./autogen/sl_iostream_init_eusart_instances.o
 .ARM.attributes
                0x00000218       0x3a ./gecko_sdk_4.4.4/app/common/util/app_log/app_log.o
 .ARM.attributes
                0x00000252       0x3a ./gecko_sdk_4.4.4/hardware/board/src/sl_board_control_gpio.o
 .ARM.attributes
                0x0000028c       0x3a ./gecko_sdk_4.4.4/hardware/board/src/sl_board_init.o
 .ARM.attributes
                0x000002c6       0x3a ./gecko_sdk_4.4.4/hardware/driver/configuration_over_swo/src/sl_cos.o
 .ARM.attributes
                0x00000300       0x3a ./gecko_sdk_4.4.4/platform/Device/SiliconLabs/BGM22/Source/startup_bgm22.o
 .ARM.attributes
                0x0000033a       0x3a ./gecko_sdk_4.4.4/platform/Device/SiliconLabs/BGM22/Source/system_bgm22.o
 .ARM.attributes
                0x00000374       0x3a ./gecko_sdk_4.4.4/platform/common/src/sl_assert.o
 .ARM.attributes
                0x000003ae       0x3a ./gecko_sdk_4.4.4/platform/common/toolchain/src/sl_memory.o
 .ARM.attributes
                0x000003e8       0x3a ./gecko_sdk_4.4.4/platform/driver/debug/src/sl_debug_swo.o
 .ARM.attributes
                0x00000422       0x3a ./gecko_sdk_4.4.4/platform/emdrv/dmadrv/src/dmadrv.o
 .ARM.attributes
                0x0000045c       0x3a ./gecko_sdk_4.4.4/platform/emlib/src/em_cmu.o
 .ARM.attributes
                0x00000496       0x3a ./gecko_sdk_4.4.4/platform/emlib/src/em_core.o
 .ARM.attributes
                0x000004d0       0x3a ./gecko_sdk_4.4.4/platform/emlib/src/em_emu.o
 .ARM.attributes
                0x0000050a       0x3a ./gecko_sdk_4.4.4/platform/emlib/src/em_eusart.o
 .ARM.attributes
                0x00000544       0x3a ./gecko_sdk_4.4.4/platform/emlib/src/em_gpio.o
 .ARM.attributes
                0x0000057e       0x3a ./gecko_sdk_4.4.4/platform/emlib/src/em_ldma.o
 .ARM.attributes
                0x000005b8       0x3a ./gecko_sdk_4.4.4/platform/emlib/src/em_rtcc.o
 .ARM.attributes
                0x000005f2       0x3a ./gecko_sdk_4.4.4/platform/emlib/src/em_system.o
 .ARM.attributes
                0x0000062c       0x3a ./gecko_sdk_4.4.4/platform/service/device_init/src/sl_device_init_dcdc_s2.o
 .ARM.attributes
                0x00000666       0x3a ./gecko_sdk_4.4.4/platform/service/device_init/src/sl_device_init_emu_s2.o
 .ARM.attributes
                0x000006a0       0x3a ./gecko_sdk_4.4.4/platform/service/device_init/src/sl_device_init_hfxo_s2.o
 .ARM.attributes
                0x000006da       0x3a ./gecko_sdk_4.4.4/platform/service/device_init/src/sl_device_init_lfxo_s2.o
 .ARM.attributes
                0x00000714       0x3a ./gecko_sdk_4.4.4/platform/service/device_init/src/sl_device_init_nvic.o
 .ARM.attributes
                0x0000074e       0x3a ./gecko_sdk_4.4.4/platform/service/iostream/src/sl_iostream.o
 .ARM.attributes
                0x00000788       0x3a ./gecko_sdk_4.4.4/platform/service/iostream/src/sl_iostream_eusart.o
 .ARM.attributes
                0x000007c2       0x3a ./gecko_sdk_4.4.4/platform/service/iostream/src/sl_iostream_retarget_stdio.o
 .ARM.attributes
                0x000007fc       0x3a ./gecko_sdk_4.4.4/platform/service/iostream/src/sl_iostream_stdlib_config.o
 .ARM.attributes
                0x00000836       0x3a ./gecko_sdk_4.4.4/platform/service/iostream/src/sl_iostream_uart.o